Archive member included because of file (symbol)

C:\Users\emh203\Documents\GitHub\hc-1\SRC\LPC-LINK-2\COMMON\lpc_board_nxp_lpclink2_4370\Debug\liblpc_board_nxp_lpclink2_4370.a(board.o)
                              ./src/FFT_SPEED.o (Board_LED_Set)
C:\Users\emh203\Documents\GitHub\hc-1\SRC\LPC-LINK-2\COMMON\CMSIS_DSP_4_0_1\Debug\libCMSIS_DSP_4_0_1.a(arm_cfft_radix4_init_q15.o)
                              ./src/FFT_SPEED.o (arm_cfft_radix4_init_q15)
C:\Users\emh203\Documents\GitHub\hc-1\SRC\LPC-LINK-2\COMMON\CMSIS_DSP_4_0_1\Debug\libCMSIS_DSP_4_0_1.a(arm_cfft_radix4_q15.o)
                              ./src/FFT_SPEED.o (arm_cfft_radix4_q15)
C:\Users\emh203\Documents\GitHub\hc-1\SRC\LPC-LINK-2\COMMON\CMSIS_DSP_4_0_1\Debug\libCMSIS_DSP_4_0_1.a(arm_common_tables.o)
                              C:\Users\emh203\Documents\GitHub\hc-1\SRC\LPC-LINK-2\COMMON\CMSIS_DSP_4_0_1\Debug\libCMSIS_DSP_4_0_1.a(arm_cfft_radix4_init_q15.o) (twiddleCoefQ15)
C:\Users\emh203\Documents\GitHub\hc-1\SRC\LPC-LINK-2\COMMON\CMSIS_DSP_4_0_1\Debug\libCMSIS_DSP_4_0_1.a(arm_bitreversal.o)
                              C:\Users\emh203\Documents\GitHub\hc-1\SRC\LPC-LINK-2\COMMON\CMSIS_DSP_4_0_1\Debug\libCMSIS_DSP_4_0_1.a(arm_cfft_radix4_q15.o) (arm_bitreversal_q15)
C:\Users\emh203\Documents\GitHub\hc-1\SRC\LPC-LINK-2\COMMON\lpc_chip_43xx\Debug\liblpc_chip_43xx.a(chip_18xx_43xx.o)
                              ./src/FFT_SPEED.o (SystemCoreClockUpdate)
C:\Users\emh203\Documents\GitHub\hc-1\SRC\LPC-LINK-2\COMMON\lpc_chip_43xx\Debug\liblpc_chip_43xx.a(clock_18xx_43xx.o)
                              C:\Users\emh203\Documents\GitHub\hc-1\SRC\LPC-LINK-2\COMMON\lpc_chip_43xx\Debug\liblpc_chip_43xx.a(chip_18xx_43xx.o) (Chip_Clock_SetDivider)
C:\Users\emh203\Documents\GitHub\hc-1\SRC\LPC-LINK-2\COMMON\lpc_chip_43xx\Debug\liblpc_chip_43xx.a(fpu_init.o)
                              ./src/sysinit.o (fpuInit)
C:\Users\emh203\Documents\GitHub\hc-1\SRC\LPC-LINK-2\COMMON\lpc_chip_43xx\Debug\liblpc_chip_43xx.a(gpio_18xx_43xx.o)
                              C:\Users\emh203\Documents\GitHub\hc-1\SRC\LPC-LINK-2\COMMON\lpc_board_nxp_lpclink2_4370\Debug\liblpc_board_nxp_lpclink2_4370.a(board.o) (Chip_GPIO_Init)
C:\Users\emh203\Documents\GitHub\hc-1\SRC\LPC-LINK-2\COMMON\lpc_chip_43xx\Debug\liblpc_chip_43xx.a(uart_18xx_43xx.o)
                              C:\Users\emh203\Documents\GitHub\hc-1\SRC\LPC-LINK-2\COMMON\lpc_board_nxp_lpclink2_4370\Debug\liblpc_board_nxp_lpclink2_4370.a(board.o) (Chip_UART_Init)
C:\Users\emh203\Documents\GitHub\hc-1\SRC\LPC-LINK-2\COMMON\lpc_chip_43xx\Debug\liblpc_chip_43xx.a(ring_buffer.o)
                              C:\Users\emh203\Documents\GitHub\hc-1\SRC\LPC-LINK-2\COMMON\lpc_chip_43xx\Debug\liblpc_chip_43xx.a(uart_18xx_43xx.o) (RingBuffer_Insert)
c:/nxp/lpcxpresso_7.2.0_153/lpcxpresso/tools/bin/../lib/gcc/arm-none-eabi/4.8.3/../../../../arm-none-eabi/lib/armv7e-m/softfp\libcr_c.a(memcpy.o)
                              C:\Users\emh203\Documents\GitHub\hc-1\SRC\LPC-LINK-2\COMMON\lpc_chip_43xx\Debug\liblpc_chip_43xx.a(ring_buffer.o) (memcpy)
c:/nxp/lpcxpresso_7.2.0_153/lpcxpresso/tools/bin/../lib/gcc/arm-none-eabi/4.8.3/../../../../arm-none-eabi/lib/armv7e-m/softfp\libcr_c.a(__weak__main.o)
                              ./src/cr_startup_lpc43xx.o (__main)
c:/nxp/lpcxpresso_7.2.0_153/lpcxpresso/tools/bin/../lib/gcc/arm-none-eabi/4.8.3/../../../../arm-none-eabi/lib/armv7e-m/softfp\libcr_c.a(stdlib.o)
                              ./src/FFT_SPEED.o (rand)
c:/nxp/lpcxpresso_7.2.0_153/lpcxpresso/tools/bin/../lib/gcc/arm-none-eabi/4.8.3/../../../../arm-none-eabi/lib/armv7e-m/softfp\libcr_c.a(initio.o)
                              c:/nxp/lpcxpresso_7.2.0_153/lpcxpresso/tools/bin/../lib/gcc/arm-none-eabi/4.8.3/../../../../arm-none-eabi/lib/armv7e-m/softfp\libcr_c.a(stdlib.o) (_terminateio)
c:/nxp/lpcxpresso_7.2.0_153/lpcxpresso/tools/bin/../lib/gcc/arm-none-eabi/4.8.3/../../../../arm-none-eabi/lib/armv7e-m/softfp\libcr_c.a(raise.o)
                              c:/nxp/lpcxpresso_7.2.0_153/lpcxpresso/tools/bin/../lib/gcc/arm-none-eabi/4.8.3/../../../../arm-none-eabi/lib/armv7e-m/softfp\libcr_c.a(stdlib.o) (raise)
c:/nxp/lpcxpresso_7.2.0_153/lpcxpresso/tools/bin/../lib/gcc/arm-none-eabi/4.8.3/../../../../arm-none-eabi/lib/armv7e-m/softfp\libcr_c.a(setvbuf.o)
                              c:/nxp/lpcxpresso_7.2.0_153/lpcxpresso/tools/bin/../lib/gcc/arm-none-eabi/4.8.3/../../../../arm-none-eabi/lib/armv7e-m/softfp\libcr_c.a(initio.o) (setvbuf)
c:/nxp/lpcxpresso_7.2.0_153/lpcxpresso/tools/bin/../lib/gcc/arm-none-eabi/4.8.3/../../../../arm-none-eabi/lib/armv7e-m/softfp\libcr_c.a(stdio.o)
                              c:/nxp/lpcxpresso_7.2.0_153/lpcxpresso/tools/bin/../lib/gcc/arm-none-eabi/4.8.3/../../../../arm-none-eabi/lib/armv7e-m/softfp\libcr_c.a(initio.o) (__Ciob)
c:/nxp/lpcxpresso_7.2.0_153/lpcxpresso/tools/bin/../lib/gcc/arm-none-eabi/4.8.3/../../../../arm-none-eabi/lib/armv7e-m/softfp\libcr_c.a(memset.o)
[...]
Memory Configuration

Name             Origin             Length             Attributes
RamLoc128        0x10000000         0x00020000         xrw
RamLoc72         0x10080000         0x00012000         xrw
RamAHB32         0x20000000         0x00008000         xrw
RamAHB16         0x20008000         0x00004000         xrw
RamAHB_ETB16     0x2000c000         0x00004000         xrw
RamM0Sub16       0x18000000         0x00004000         xrw
RamM0Sub2        0x18004000         0x00000800         xrw
*default*        0x00000000         0xffffffff

Linker script and memory map

LOAD ./src/FFT_SPEED.o
LOAD ./src/cr_startup_lpc43xx.o
LOAD ./src/crp.o
LOAD ./src/sysinit.o
LOAD C:\Users\emh203\Documents\GitHub\hc-1\SRC\LPC-LINK-2\COMMON\lpc_board_nxp_lpclink2_4370\Debug\liblpc_board_nxp_lpclink2_4370.a
LOAD C:\Users\emh203\Documents\GitHub\hc-1\SRC\LPC-LINK-2\COMMON\CMSIS_DSP_4_0_1\Debug\libCMSIS_DSP_4_0_1.a
LOAD C:\Users\emh203\Documents\GitHub\hc-1\SRC\LPC-LINK-2\COMMON\lpc_chip_43xx\Debug\liblpc_chip_43xx.a
START GROUP
LOAD c:/nxp/lpcxpresso_7.2.0_153/lpcxpresso/tools/bin/../lib/gcc/arm-none-eabi/4.8.3/../../../../arm-none-eabi/lib/armv7e-m/softfp\libcr_c.a
LOAD c:/nxp/lpcxpresso_7.2.0_153/lpcxpresso/tools/bin/../lib/gcc/arm-none-eabi/4.8.3/armv7e-m/softfp\libcr_eabihelpers.a
END GROUP
                0x10020000                __top_RamLoc128 = 0x10020000
                0x10092000                __top_RamLoc72 = 0x10092000
                0x20008000                __top_RamAHB32 = 0x20008000
                0x2000c000                __top_RamAHB16 = 0x2000c000
                0x20010000                __top_RamAHB_ETB16 = 0x20010000
                0x18004000                __top_RamM0Sub16 = 0x18004000
                0x18004800                __top_RamM0Sub2 = 0x18004800

.text           0x10000000     0x4798
 FILL mask 0xff
                0x10000000                __vectors_start__ = ABSOLUTE (.)
 *(.isr_vector)
 .isr_vector    0x10000000      0x114 ./src/cr_startup_lpc43xx.o
                0x10000000                g_pfnVectors
                0x10000114                . = ALIGN (0x4)
                0x10000114                __section_table_start = .
                0x10000114                __data_section_table = .
                0x10000114        0x4 LONG 0x10004798 LOADADDR (.data)
                0x10000118        0x4 LONG 0x10004798 ADDR (.data)
                0x1000011c        0x4 LONG 0xe4 SIZEOF (.data)
                0x10000120        0x4 LONG 0x10004798 LOADADDR (.data_RAM2)
                0x10000124        0x4 LONG 0x10080000 ADDR (.data_RAM2)
                0x10000128        0x4 LONG 0x0 SIZEOF (.data_RAM2)
                0x1000012c        0x4 LONG 0x10004798 LOADADDR (.data_RAM3)
                0x10000130        0x4 LONG 0x20000000 ADDR (.data_RAM3)
                0x10000134        0x4 LONG 0x0 SIZEOF (.data_RAM3)
                0x10000138        0x4 LONG 0x10004798 LOADADDR (.data_RAM4)
                0x1000013c        0x4 LONG 0x20008000 ADDR (.data_RAM4)
                0x10000140        0x4 LONG 0x0 SIZEOF (.data_RAM4)
                0x10000144        0x4 LONG 0x10004798 LOADADDR (.data_RAM5)
                0x10000148        0x4 LONG 0x2000c000 ADDR (.data_RAM5)
                0x1000014c        0x4 LONG 0x0 SIZEOF (.data_RAM5)
                0x10000150        0x4 LONG 0x10004798 LOADADDR (.data_RAM6)
                0x10000154        0x4 LONG 0x18000000 ADDR (.data_RAM6)
                0x10000158        0x4 LONG 0x0 SIZEOF (.data_RAM6)
                0x1000015c        0x4 LONG 0x10004798 LOADADDR (.data_RAM7)
                0x10000160        0x4 LONG 0x18004000 ADDR (.data_RAM7)
                0x10000164        0x4 LONG 0x0 SIZEOF (.data_RAM7)
                0x10000168                __data_section_table_end = .
                0x10000168                __bss_section_table = .
                0x10000168        0x4 LONG 0x1000487c ADDR (.bss)
                0x1000016c        0x4 LONG 0x201c SIZEOF (.bss)
                0x10000170        0x4 LONG 0x10080000 ADDR (.bss_RAM2)
                0x10000174        0x4 LONG 0x0 SIZEOF (.bss_RAM2)
                0x10000178        0x4 LONG 0x20000000 ADDR (.bss_RAM3)
                0x1000017c        0x4 LONG 0x0 SIZEOF (.bss_RAM3)
                0x10000180        0x4 LONG 0x20008000 ADDR (.bss_RAM4)
                0x10000184        0x4 LONG 0x0 SIZEOF (.bss_RAM4)
                0x10000188        0x4 LONG 0x2000c000 ADDR (.bss_RAM5)
                0x1000018c        0x4 LONG 0x0 SIZEOF (.bss_RAM5)
                0x10000190        0x4 LONG 0x18000000 ADDR (.bss_RAM6)
                0x10000194        0x4 LONG 0x0 SIZEOF (.bss_RAM6)
                0x10000198        0x4 LONG 0x18004000 ADDR (.bss_RAM7)
                0x1000019c        0x4 LONG 0x0 SIZEOF (.bss_RAM7)
                0x100001a0                __bss_section_table_end = .
                0x100001a0                __section_table_end = .
 *(.after_vectors*)
 .after_vectors
                0x100001a0       0x58 ./src/cr_startup_lpc43xx.o
                0x100001a0                NMI_Handler
                0x100001a4                HardFault_Handler
                0x100001a8                MemManage_Handler
                0x100001ac                BusFault_Handler
                0x100001b0                UsageFault_Handler
                0x100001b4                SVC_Handler
                0x100001b8                DebugMon_Handler
                0x100001bc                PendSV_Handler
                0x100001c0                SysTick_Handler
                0x100001c4                ATIMER_IRQHandler
                0x100001c4                I2C0_IRQHandler
                0x100001c4                I2C1_IRQHandler
                0x100001c4                UART1_IRQHandler
                0x100001c4                GPIO5_IRQHandler
                0x100001c4                CAN1_IRQHandler
                0x100001c4                USB1_IRQHandler
                0x100001c4                I2S0_IRQHandler
                0x100001c4                TIMER3_IRQHandler
                0x100001c4                UART0_IRQHandler
                0x100001c4                GINT1_IRQHandler
                0x100001c4                SGPIO_IRQHandler
                0x100001c4                ADC0_IRQHandler
                0x100001c4                ADCHS_IRQHandler
                0x100001c4                RIT_IRQHandler
                0x100001c4                SDIO_IRQHandler
                0x100001c4                GPIO1_IRQHandler
                0x100001c4                SSP0_IRQHandler
                0x100001c4                ADC1_IRQHandler
                0x100001c4                FLASHEEPROM_IRQHandler
                0x100001c4                RTC_IRQHandler
                0x100001c4                TIMER0_IRQHandler
                0x100001c4                SPI_IRQHandler
                0x100001c4                LCD_IRQHandler
                0x100001c4                MCPWM_IRQHandler
                0x100001c4                TIMER1_IRQHandler
                0x100001c4                UART2_IRQHandler
                0x100001c4                GPIO2_IRQHandler
                0x100001c4                I2S1_IRQHandler
                0x100001c4                SSP1_IRQHandler
                0x100001c4                USB0_IRQHandler
                0x100001c4                GPIO3_IRQHandler
                0x100001c4                SCT_IRQHandler
                0x100001c4                IntDefaultHandler
                0x100001c4                MX_CORE_IRQHandler
                0x100001c4                WDT_IRQHandler
                0x100001c4                GPIO6_IRQHandler
                0x100001c4                GPIO7_IRQHandler
                0x100001c4                SPIFI_IRQHandler
                0x100001c4                QEI_IRQHandler
                0x100001c4                ETH_IRQHandler
                0x100001c4                CAN0_IRQHandler
                0x100001c4                GINT0_IRQHandler
                0x100001c4                DAC_IRQHandler
                0x100001c4                M0SUB_IRQHandler
                0x100001c4                GPIO0_IRQHandler
                0x100001c4                DMA_IRQHandler
                0x100001c4                EVRT_IRQHandler
                0x100001c4                TIMER2_IRQHandler
                0x100001c4                UART3_IRQHandler
                0x100001c4                GPIO4_IRQHandler
                0x100001c8                data_init
                0x100001e4                bss_init
                0x000002fc                . = 0x2fc
 *fill*         0x100001f8      0x104 ff
                0x100002fc                PROVIDE (__CRP_WORD_START__, .)
 *(.crp)
 .crp           0x100002fc        0x4 ./src/crp.o
                0x100002fc                CRP_WORD
                0x10000300                PROVIDE (__CRP_WORD_END__, .)
                0x00000001                ASSERT (! ((__CRP_WORD_START__ == __CRP_WORD_END__)), Linker CRP Enabled, but no CRP_WORD provided within application)
 *(.text*)
 .text.main     0x10000300       0x54 ./src/FFT_SPEED.o
                0x10000300                main
 .text.ResetISR
                0x10000354       0x80 ./src/cr_startup_lpc43xx.o
                0x10000354                ResetISR
 .text.SystemInit
                0x100003d4       0x18 ./src/sysinit.o
                0x100003d4                SystemInit
 .text.Board_LED_Init
                0x100003ec       0x18 C:\Users\emh203\Documents\GitHub\hc-1\SRC\LPC-LINK-2\COMMON\lpc_board_nxp_lpclink2_4370\Debug\liblpc_board_nxp_lpclink2_4370.a(board.o)
 .text.Board_UART_Init
                0x10000404       0x2c C:\Users\emh203\Documents\GitHub\hc-1\SRC\LPC-LINK-2\COMMON\lpc_board_nxp_lpclink2_4370\Debug\liblpc_board_nxp_lpclink2_4370.a(board.o)
                0x10000404                Board_UART_Init
 .text.Board_Debug_Init
                0x10000430       0x28 C:\Users\emh203\Documents\GitHub\hc-1\SRC\LPC-LINK-2\COMMON\lpc_board_nxp_lpclink2_4370\Debug\liblpc_board_nxp_lpclink2_4370.a(board.o)
                0x10000430                Board_Debug_Init
 .text.Board_LED_Set
                0x10000458        0xc C:\Users\emh203\Documents\GitHub\hc-1\SRC\LPC-LINK-2\COMMON\lpc_board_nxp_lpclink2_4370\Debug\liblpc_board_nxp_lpclink2_4370.a(board.o)
                0x10000458                Board_LED_Set
 .text.Board_LED_Test
                0x10000464       0x1c C:\Users\emh203\Documents\GitHub\hc-1\SRC\LPC-LINK-2\COMMON\lpc_board_nxp_lpclink2_4370\Debug\liblpc_board_nxp_lpclink2_4370.a(board.o)
                0x10000464                Board_LED_Test
 .text.Board_LED_Toggle
                0x10000480       0x18 C:\Users\emh203\Documents\GitHub\hc-1\SRC\LPC-LINK-2\COMMON\lpc_board_nxp_lpclink2_4370\Debug\liblpc_board_nxp_lpclink2_4370.a(board.o)
                0x10000480                Board_LED_Toggle
 .text.Board_Init
                0x10000498       0x18 C:\Users\emh203\Documents\GitHub\hc-1\SRC\LPC-LINK-2\COMMON\lpc_board_nxp_lpclink2_4370\Debug\liblpc_board_nxp_lpclink2_4370.a(board.o)
                0x10000498                Board_Init
 .text.arm_cfft_radix4_init_q15
                0x100004b0       0x94 C:\Users\emh203\Documents\GitHub\hc-1\SRC\LPC-LINK-2\COMMON\CMSIS_DSP_4_0_1\Debug\libCMSIS_DSP_4_0_1.a(arm_cfft_radix4_init_q15.o)
                0x100004b0                arm_cfft_radix4_init_q15
 .text.arm_radix4_butterfly_q15
                0x10000544      0x2bc C:\Users\emh203\Documents\GitHub\hc-1\SRC\LPC-LINK-2\COMMON\CMSIS_DSP_4_0_1\Debug\libCMSIS_DSP_4_0_1.a(arm_cfft_radix4_q15.o)
                0x10000544                arm_radix4_butterfly_q15
 .text.arm_radix4_butterfly_inverse_q15
                0x10000800      0x2bc C:\Users\emh203\Documents\GitHub\hc-1\SRC\LPC-LINK-2\COMMON\CMSIS_DSP_4_0_1\Debug\libCMSIS_DSP_4_0_1.a(arm_cfft_radix4_q15.o)
                0x10000800                arm_radix4_butterfly_inverse_q15
 .text.arm_cfft_radix4_q15
                0x10000abc       0x3c C:\Users\emh203\Documents\GitHub\hc-1\SRC\LPC-LINK-2\COMMON\CMSIS_DSP_4_0_1\Debug\libCMSIS_DSP_4_0_1.a(arm_cfft_radix4_q15.o)
                0x10000abc                arm_cfft_radix4_q15
 .text.arm_bitreversal_q15
                0x10000af8       0x68 C:\Users\emh203\Documents\GitHub\hc-1\SRC\LPC-LINK-2\COMMON\CMSIS_DSP_4_0_1\Debug\libCMSIS_DSP_4_0_1.a(arm_bitreversal.o)
                0x10000af8                arm_bitreversal_q15
 .text.SystemCoreClockUpdate
                0x10000b60       0x14 C:\Users\emh203\Documents\GitHub\hc-1\SRC\LPC-LINK-2\COMMON\lpc_chip_43xx\Debug\liblpc_chip_43xx.a(chip_18xx_43xx.o)
                0x10000b60                SystemCoreClockUpdate
 .text.Chip_Clock_FindBaseClock
                0x10000b74       0x48 C:\Users\emh203\Documents\GitHub\hc-1\SRC\LPC-LINK-2\COMMON\lpc_chip_43xx\Debug\liblpc_chip_43xx.a(clock_18xx_43xx.o)
 .text.Chip_Clock_GetDividerSource
                0x10000bbc       0x1c C:\Users\emh203\Documents\GitHub\hc-1\SRC\LPC-LINK-2\COMMON\lpc_chip_43xx\Debug\liblpc_chip_43xx.a(clock_18xx_43xx.o)
                0x10000bbc                Chip_Clock_GetDividerSource
 .text.Chip_Clock_GetDividerDivisor
                0x10000bd8       0x1c C:\Users\emh203\Documents\GitHub\hc-1\SRC\LPC-LINK-2\COMMON\lpc_chip_43xx\Debug\liblpc_chip_43xx.a(clock_18xx_43xx.o)
                0x10000bd8                Chip_Clock_GetDividerDivisor
 .text.Chip_Clock_GetClockInputHz
                0x10000bf4       0xb8 C:\Users\emh203\Documents\GitHub\hc-1\SRC\LPC-LINK-2\COMMON\lpc_chip_43xx\Debug\liblpc_chip_43xx.a(clock_18xx_43xx.o)
                0x10000bf4                Chip_Clock_GetClockInputHz
 .text.Chip_Clock_GetMainPLLHz
                0x10000cac       0x68 C:\Users\emh203\Documents\GitHub\hc-1\SRC\LPC-LINK-2\COMMON\lpc_chip_43xx\Debug\liblpc_chip_43xx.a(clock_18xx_43xx.o)
                0x10000cac                Chip_Clock_GetMainPLLHz
 .text.Chip_Clock_GetDivRate
                0x10000d14       0x24 C:\Users\emh203\Documents\GitHub\hc-1\SRC\LPC-LINK-2\COMMON\lpc_chip_43xx\Debug\liblpc_chip_43xx.a(clock_18xx_43xx.o)
 .text.Chip_Clock_GetBaseClock
                0x10000d38       0x24 C:\Users\emh203\Documents\GitHub\hc-1\SRC\LPC-LINK-2\COMMON\lpc_chip_43xx\Debug\liblpc_chip_43xx.a(clock_18xx_43xx.o)
                0x10000d38                Chip_Clock_GetBaseClock
 .text.Chip_Clock_GetBaseClocktHz
                0x10000d5c        0xc C:\Users\emh203\Documents\GitHub\hc-1\SRC\LPC-LINK-2\COMMON\lpc_chip_43xx\Debug\liblpc_chip_43xx.a(clock_18xx_43xx.o)
                0x10000d5c                Chip_Clock_GetBaseClocktHz
 .text.Chip_Clock_EnableOpts
                0x10000d68       0x34 C:\Users\emh203\Documents\GitHub\hc-1\SRC\LPC-LINK-2\COMMON\lpc_chip_43xx\Debug\liblpc_chip_43xx.a(clock_18xx_43xx.o)
                0x10000d68                Chip_Clock_EnableOpts
 .text.Chip_Clock_GetRate
                0x10000d9c       0x44 C:\Users\emh203\Documents\GitHub\hc-1\SRC\LPC-LINK-2\COMMON\lpc_chip_43xx\Debug\liblpc_chip_43xx.a(clock_18xx_43xx.o)
                0x10000d9c                Chip_Clock_GetRate
 .text.fpuInit  0x10000de0       0x58 C:\Users\emh203\Documents\GitHub\hc-1\SRC\LPC-LINK-2\COMMON\lpc_chip_43xx\Debug\liblpc_chip_43xx.a(fpu_init.o)
                0x10000de0                fpuInit
 .text.Chip_GPIO_Init
                0x10000e38        0x4 C:\Users\emh203\Documents\GitHub\hc-1\SRC\LPC-LINK-2\COMMON\lpc_chip_43xx\Debug\liblpc_chip_43xx.a(gpio_18xx_43xx.o)
                0x10000e38                Chip_GPIO_Init
 .text.Chip_UART_GetClockIndex
                0x10000e3c       0x28 C:\Users\emh203\Documents\GitHub\hc-1\SRC\LPC-LINK-2\COMMON\lpc_chip_43xx\Debug\liblpc_chip_43xx.a(uart_18xx_43xx.o)
 .text.Chip_UART_Init
                0x10000e64       0x40 C:\Users\emh203\Documents\GitHub\hc-1\SRC\LPC-LINK-2\COMMON\lpc_chip_43xx\Debug\liblpc_chip_43xx.a(uart_18xx_43xx.o)
                0x10000e64                Chip_UART_Init
 .text.Chip_UART_SetBaud
                0x10000ea4       0x34 C:\Users\emh203\Documents\GitHub\hc-1\SRC\LPC-LINK-2\COMMON\lpc_chip_43xx\Debug\liblpc_chip_43xx.a(uart_18xx_43xx.o)
                0x10000ea4                Chip_UART_SetBaud
 .text.__weak_main
                0x10000ed8        0x4 c:/nxp/lpcxpresso_7.2.0_153/lpcxpresso/tools/bin/../lib/gcc/arm-none-eabi/4.8.3/../../../../arm-none-eabi/lib/armv7e-m/softfp\libcr_c.a(__weak__main.o)
                0x10000ed8                __weak_main
                0x10000ed8                __main
 .text.rand     0x10000edc       0x3c c:/nxp/lpcxpresso_7.2.0_153/lpcxpresso/tools/bin/../lib/gcc/arm-none-eabi/4.8.3/../../../../arm-none-eabi/lib/armv7e-m/softfp\libcr_c.a(stdlib.o)
                0x10000edc                rand
 *(.rodata .rodata.* .constdata .constdata.*)
 .rodata.OscRateIn
                0x10000f18        0x4 C:\Users\emh203\Documents\GitHub\hc-1\SRC\LPC-LINK-2\COMMON\lpc_board_nxp_lpclink2_4370\Debug\liblpc_board_nxp_lpclink2_4370.a(board.o)
                0x10000f18                OscRateIn
 .rodata.ExtRateIn
                0x10000f1c        0x4 C:\Users\emh203\Documents\GitHub\hc-1\SRC\LPC-LINK-2\COMMON\lpc_board_nxp_lpclink2_4370\Debug\liblpc_board_nxp_lpclink2_4370.a(board.o)
                0x10000f1c                ExtRateIn
 .rodata.twiddleCoefQ15
                0x10000f20     0x3000 C:\Users\emh203\Documents\GitHub\hc-1\SRC\LPC-LINK-2\COMMON\CMSIS_DSP_4_0_1\Debug\libCMSIS_DSP_4_0_1.a(arm_common_tables.o)
                0x10000f20                twiddleCoefQ15
 .rodata.armBitRevTable
                0x10003f20      0x800 C:\Users\emh203\Documents\GitHub\hc-1\SRC\LPC-LINK-2\COMMON\CMSIS_DSP_4_0_1\Debug\libCMSIS_DSP_4_0_1.a(arm_common_tables.o)
                0x10003f20                armBitRevTable
 .rodata        0x10004720        0x4 C:\Users\emh203\Documents\GitHub\hc-1\SRC\LPC-LINK-2\COMMON\lpc_chip_43xx\Debug\liblpc_chip_43xx.a(clock_18xx_43xx.o)
 .rodata.str1.4
                0x10004724        0x8 C:\Users\emh203\Documents\GitHub\hc-1\SRC\LPC-LINK-2\COMMON\lpc_chip_43xx\Debug\liblpc_chip_43xx.a(clock_18xx_43xx.o)
 .rodata.periph_to_base
                0x1000472c       0x6c C:\Users\emh203\Documents\GitHub\hc-1\SRC\LPC-LINK-2\COMMON\lpc_chip_43xx\Debug\liblpc_chip_43xx.a(clock_18xx_43xx.o)
                0x10004798                . = ALIGN (0x4)

.glue_7         0x10004798        0x0
 .glue_7        0x00000000        0x0 linker stubs

.glue_7t        0x10004798        0x0
 .glue_7t       0x00000000        0x0 linker stubs

.vfp11_veneer   0x10004798        0x0
 .vfp11_veneer  0x00000000        0x0 linker stubs

.v4_bx          0x10004798        0x0
 .v4_bx         0x00000000        0x0 linker stubs

.iplt           0x10004798        0x0
 .iplt          0x00000000        0x0 ./src/FFT_SPEED.o

.rel.dyn        0x10004798        0x0
 .rel.iplt      0x00000000        0x0 ./src/FFT_SPEED.o

.ARM.extab
 *(.ARM.extab* .gnu.linkonce.armextab.*)
                0x10004798                __exidx_start = .

.ARM.exidx
 *(.ARM.exidx* .gnu.linkonce.armexidx.*)
                0x10004798                __exidx_end = .
                0x10004798                _etext = .

.data_RAM2      0x10080000        0x0 load address 0x10004798
 FILL mask 0xff
 *(.ramfunc.$RAM2)
 *(.ramfunc.$RamLoc72)
 *(.data.$RAM2*)
 *(.data.$RamLoc72*)
                0x10080000                . = ALIGN (0x4)

.data_RAM3      0x20000000        0x0 load address 0x10004798
 FILL mask 0xff
 *(.ramfunc.$RAM3)
 *(.ramfunc.$RamAHB32)
 *(.data.$RAM3*)
 *(.data.$RamAHB32*)
                0x20000000                . = ALIGN (0x4)

.data_RAM4      0x20008000        0x0 load address 0x10004798
 FILL mask 0xff
 *(.ramfunc.$RAM4)
 *(.ramfunc.$RamAHB16)
 *(.data.$RAM4*)
 *(.data.$RamAHB16*)
                0x20008000                . = ALIGN (0x4)

.data_RAM5      0x2000c000        0x0 load address 0x10004798
 FILL mask 0xff
 *(.ramfunc.$RAM5)
 *(.ramfunc.$RamAHB_ETB16)
 *(.data.$RAM5*)
 *(.data.$RamAHB_ETB16*)
                0x2000c000                . = ALIGN (0x4)

.data_RAM6      0x18000000        0x0 load address 0x10004798
 FILL mask 0xff
 *(.ramfunc.$RAM6)
 *(.ramfunc.$RamM0Sub16)
 *(.data.$RAM6*)
 *(.data.$RamM0Sub16*)
                0x18000000                . = ALIGN (0x4)

.data_RAM7      0x18004000        0x0 load address 0x10004798
 FILL mask 0xff
 *(.ramfunc.$RAM7)
 *(.ramfunc.$RamM0Sub2)
 *(.data.$RAM7*)
 *(.data.$RamM0Sub2*)
                0x18004000                . = ALIGN (0x4)

.uninit_RESERVED
                0x10004798        0x0
 *(.bss.$RESERVED*)
                0x10004798                . = ALIGN (0x4)
                0x10004798                _end_uninit_RESERVED = .

.data           0x10004798       0xe4
 FILL mask 0xff
                0x10004798                _data = .
 *(vtable)
 *(.ramfunc*)
 *(.data*)
 .data._random_number_seed
                0x10004798       0xdc c:/nxp/lpcxpresso_7.2.0_153/lpcxpresso/tools/bin/../lib/gcc/arm-none-eabi/4.8.3/../../../../arm-none-eabi/lib/armv7e-m/softfp\libcr_c.a(stdlib.o)
 .data._random_j
                0x10004874        0x4 c:/nxp/lpcxpresso_7.2.0_153/lpcxpresso/tools/bin/../lib/gcc/arm-none-eabi/4.8.3/../../../../arm-none-eabi/lib/armv7e-m/softfp\libcr_c.a(stdlib.o)
 .data._random_k
                0x10004878        0x4 c:/nxp/lpcxpresso_7.2.0_153/lpcxpresso/tools/bin/../lib/gcc/arm-none-eabi/4.8.3/../../../../arm-none-eabi/lib/armv7e-m/softfp\libcr_c.a(stdlib.o)
                0x1000487c                . = ALIGN (0x4)
                0x1000487c                _edata = .

.igot.plt       0x1000487c        0x0
 .igot.plt      0x00000000        0x0 ./src/FFT_SPEED.o

.bss_RAM2       0x10080000        0x0
 *(.bss.$RAM2*)
 *(.bss.$RamLoc72*)
                0x10080000                . = ALIGN (0x4)

.bss_RAM3       0x20000000        0x0
 *(.bss.$RAM3*)
 *(.bss.$RamAHB32*)
                0x20000000                . = ALIGN (0x4)

.bss_RAM4       0x20008000        0x0
 *(.bss.$RAM4*)
 *(.bss.$RamAHB16*)
                0x20008000                . = ALIGN (0x4)

.bss_RAM5       0x2000c000        0x0
 *(.bss.$RAM5*)
 *(.bss.$RamAHB_ETB16*)
                0x2000c000                . = ALIGN (0x4)

.bss_RAM6       0x18000000        0x0
 *(.bss.$RAM6*)
 *(.bss.$RamM0Sub16*)
                0x18000000                . = ALIGN (0x4)

.bss_RAM7       0x18004000        0x0
 *(.bss.$RAM7*)
 *(.bss.$RamM0Sub2*)
                0x18004000                . = ALIGN (0x4)

.bss            0x1000487c     0x201c
                0x1000487c                _bss = .
 *(.bss*)
 .bss.audio_usb_pll_freq
                0x1000487c        0x8 C:\Users\emh203\Documents\GitHub\hc-1\SRC\LPC-LINK-2\COMMON\lpc_chip_43xx\Debug\liblpc_chip_43xx.a(clock_18xx_43xx.o)
 *(COMMON)
 COMMON         0x10004884     0x2010 ./src/FFT_SPEED.o
                0x10004884                MyCFFT
                0x10004894                InputData
 COMMON         0x10006894        0x4 C:\Users\emh203\Documents\GitHub\hc-1\SRC\LPC-LINK-2\COMMON\lpc_chip_43xx\Debug\liblpc_chip_43xx.a(chip_18xx_43xx.o)
                0x10006894                SystemCoreClock
                0x10006898                . = ALIGN (0x4)
                0x10006898                _ebss = .
                0x10006898                PROVIDE (end, .)

.noinit_RAM2    0x10080000        0x0
 *(.noinit.$RAM2*)
 *(.noinit.$RamLoc72*)
                0x10080000                . = ALIGN (0x4)

.noinit_RAM3    0x20000000        0x0
 *(.noinit.$RAM3*)
 *(.noinit.$RamAHB32*)
                0x20000000                . = ALIGN (0x4)

.noinit_RAM4    0x20008000        0x0
 *(.noinit.$RAM4*)
 *(.noinit.$RamAHB16*)
                0x20008000                . = ALIGN (0x4)

.noinit_RAM5    0x2000c000        0x0
 *(.noinit.$RAM5*)
 *(.noinit.$RamAHB_ETB16*)
                0x2000c000                . = ALIGN (0x4)

.noinit_RAM6    0x18000000        0x0
 *(.noinit.$RAM6*)
 *(.noinit.$RamM0Sub16*)
                0x18000000                . = ALIGN (0x4)

.noinit_RAM7    0x18004000        0x0
 *(.noinit.$RAM7*)
 *(.noinit.$RamM0Sub2*)
                0x18004000                . = ALIGN (0x4)

.noinit         0x10006898        0x0
                0x10006898                _noinit = .
 *(.noinit*)
                0x10006898                . = ALIGN (0x4)
                0x10006898                _end_noinit = .
                0x10006898                PROVIDE (_pvHeapStart, .)
                0x10020000                PROVIDE (_vStackTop, (__top_RamLoc128 - 0x0))
OUTPUT(FFT_SPEED.axf elf32-littlearm)

.debug_info     0x00000000     0x7fda
 .debug_info    0x00000000      0x7d3 ./src/FFT_SPEED.o
 .debug_info    0x000007d3      0x2d2 ./src/cr_startup_lpc43xx.o
 .debug_info    0x00000aa5       0x3f ./src/crp.o
 .debug_info    0x00000ae4       0xfc ./src/sysinit.o
 .debug_info    0x00000be0     0x12eb C:\Users\emh203\Documents\GitHub\hc-1\SRC\LPC-LINK-2\COMMON\lpc_board_nxp_lpclink2_4370\Debug\liblpc_board_nxp_lpclink2_4370.a(board.o)
 .debug_info    0x00001ecb      0x20f C:\Users\emh203\Documents\GitHub\hc-1\SRC\LPC-LINK-2\COMMON\CMSIS_DSP_4_0_1\Debug\libCMSIS_DSP_4_0_1.a(arm_cfft_radix4_init_q15.o)
 .debug_info    0x000020da     0x1865 C:\Users\emh203\Documents\GitHub\hc-1\SRC\LPC-LINK-2\COMMON\CMSIS_DSP_4_0_1\Debug\libCMSIS_DSP_4_0_1.a(arm_cfft_radix4_q15.o)
 .debug_info    0x0000393f      0x576 C:\Users\emh203\Documents\GitHub\hc-1\SRC\LPC-LINK-2\COMMON\CMSIS_DSP_4_0_1\Debug\libCMSIS_DSP_4_0_1.a(arm_common_tables.o)
 .debug_info    0x00003eb5      0x2ab C:\Users\emh203\Documents\GitHub\hc-1\SRC\LPC-LINK-2\COMMON\CMSIS_DSP_4_0_1\Debug\libCMSIS_DSP_4_0_1.a(arm_bitreversal.o)
 .debug_info    0x00004160      0xcb6 C:\Users\emh203\Documents\GitHub\hc-1\SRC\LPC-LINK-2\COMMON\lpc_chip_43xx\Debug\liblpc_chip_43xx.a(chip_18xx_43xx.o)
 .debug_info    0x00004e16     0x15d4 C:\Users\emh203\Documents\GitHub\hc-1\SRC\LPC-LINK-2\COMMON\lpc_chip_43xx\Debug\liblpc_chip_43xx.a(clock_18xx_43xx.o)
 .debug_info    0x000063ea      0x12f C:\Users\emh203\Documents\GitHub\hc-1\SRC\LPC-LINK-2\COMMON\lpc_chip_43xx\Debug\liblpc_chip_43xx.a(fpu_init.o)
 .debug_info    0x00006519      0x49b C:\Users\emh203\Documents\GitHub\hc-1\SRC\LPC-LINK-2\COMMON\lpc_chip_43xx\Debug\liblpc_chip_43xx.a(gpio_18xx_43xx.o)
 .debug_info    0x000069b4     0x1626 C:\Users\emh203\Documents\GitHub\hc-1\SRC\LPC-LINK-2\COMMON\lpc_chip_43xx\Debug\liblpc_chip_43xx.a(uart_18xx_43xx.o)

.debug_abbrev   0x00000000     0x161a
 .debug_abbrev  0x00000000      0x1be ./src/FFT_SPEED.o
 .debug_abbrev  0x000001be      0x10d ./src/cr_startup_lpc43xx.o
 .debug_abbrev  0x000002cb       0x36 ./src/crp.o
 .debug_abbrev  0x00000301       0xb8 ./src/sysinit.o
 .debug_abbrev  0x000003b9      0x360 C:\Users\emh203\Documents\GitHub\hc-1\SRC\LPC-LINK-2\COMMON\lpc_board_nxp_lpclink2_4370\Debug\liblpc_board_nxp_lpclink2_4370.a(board.o)
 .debug_abbrev  0x00000719      0x104 C:\Users\emh203\Documents\GitHub\hc-1\SRC\LPC-LINK-2\COMMON\CMSIS_DSP_4_0_1\Debug\libCMSIS_DSP_4_0_1.a(arm_cfft_radix4_init_q15.o)
 .debug_abbrev  0x0000081d      0x204 C:\Users\emh203\Documents\GitHub\hc-1\SRC\LPC-LINK-2\COMMON\CMSIS_DSP_4_0_1\Debug\libCMSIS_DSP_4_0_1.a(arm_cfft_radix4_q15.o)
 .debug_abbrev  0x00000a21       0x87 C:\Users\emh203\Documents\GitHub\hc-1\SRC\LPC-LINK-2\COMMON\CMSIS_DSP_4_0_1\Debug\libCMSIS_DSP_4_0_1.a(arm_common_tables.o)
 .debug_abbrev  0x00000aa8       0xcd C:\Users\emh203\Documents\GitHub\hc-1\SRC\LPC-LINK-2\COMMON\CMSIS_DSP_4_0_1\Debug\libCMSIS_DSP_4_0_1.a(arm_bitreversal.o)
 .debug_abbrev  0x00000b75      0x1f6 C:\Users\emh203\Documents\GitHub\hc-1\SRC\LPC-LINK-2\COMMON\lpc_chip_43xx\Debug\liblpc_chip_43xx.a(chip_18xx_43xx.o)
 .debug_abbrev  0x00000d6b      0x2e5 C:\Users\emh203\Documents\GitHub\hc-1\SRC\LPC-LINK-2\COMMON\lpc_chip_43xx\Debug\liblpc_chip_43xx.a(clock_18xx_43xx.o)
 .debug_abbrev  0x00001050       0xa2 C:\Users\emh203\Documents\GitHub\hc-1\SRC\LPC-LINK-2\COMMON\lpc_chip_43xx\Debug\liblpc_chip_43xx.a(fpu_init.o)
 .debug_abbrev  0x000010f2      0x14b C:\Users\emh203\Documents\GitHub\hc-1\SRC\LPC-LINK-2\COMMON\lpc_chip_43xx\Debug\liblpc_chip_43xx.a(gpio_18xx_43xx.o)
 .debug_abbrev  0x0000123d      0x3dd C:\Users\emh203\Documents\GitHub\hc-1\SRC\LPC-LINK-2\COMMON\lpc_chip_43xx\Debug\liblpc_chip_43xx.a(uart_18xx_43xx.o)

.debug_loc      0x00000000     0x4efb
 .debug_loc     0x00000000       0x1f ./src/FFT_SPEED.o
 .debug_loc     0x0000001f      0x1f0 ./src/cr_startup_lpc43xx.o
 .debug_loc     0x0000020f      0x39a C:\Users\emh203\Documents\GitHub\hc-1\SRC\LPC-LINK-2\COMMON\lpc_board_nxp_lpclink2_4370\Debug\liblpc_board_nxp_lpclink2_4370.a(board.o)
 .debug_loc     0x000005a9      0x19d C:\Users\emh203\Documents\GitHub\hc-1\SRC\LPC-LINK-2\COMMON\CMSIS_DSP_4_0_1\Debug\libCMSIS_DSP_4_0_1.a(arm_cfft_radix4_init_q15.o)
 .debug_loc     0x00000746     0x26af C:\Users\emh203\Documents\GitHub\hc-1\SRC\LPC-LINK-2\COMMON\CMSIS_DSP_4_0_1\Debug\libCMSIS_DSP_4_0_1.a(arm_cfft_radix4_q15.o)
 .debug_loc     0x00002df5      0x333 C:\Users\emh203\Documents\GitHub\hc-1\SRC\LPC-LINK-2\COMMON\CMSIS_DSP_4_0_1\Debug\libCMSIS_DSP_4_0_1.a(arm_bitreversal.o)
 .debug_loc     0x00003128      0xee3 C:\Users\emh203\Documents\GitHub\hc-1\SRC\LPC-LINK-2\COMMON\lpc_chip_43xx\Debug\liblpc_chip_43xx.a(clock_18xx_43xx.o)
 .debug_loc     0x0000400b       0x1f C:\Users\emh203\Documents\GitHub\hc-1\SRC\LPC-LINK-2\COMMON\lpc_chip_43xx\Debug\liblpc_chip_43xx.a(fpu_init.o)
 .debug_loc     0x0000402a      0x3cf C:\Users\emh203\Documents\GitHub\hc-1\SRC\LPC-LINK-2\COMMON\lpc_chip_43xx\Debug\liblpc_chip_43xx.a(gpio_18xx_43xx.o)
 .debug_loc     0x000043f9      0xb02 C:\Users\emh203\Documents\GitHub\hc-1\SRC\LPC-LINK-2\COMMON\lpc_chip_43xx\Debug\liblpc_chip_43xx.a(uart_18xx_43xx.o)

.debug_aranges  0x00000000      0x498
 .debug_aranges
                0x00000000       0x20 ./src/FFT_SPEED.o
 .debug_aranges
                0x00000020       0x80 ./src/cr_startup_lpc43xx.o
 .debug_aranges
                0x000000a0       0x18 ./src/crp.o
 .debug_aranges
                0x000000b8       0x20 ./src/sysinit.o
 .debug_aranges
                0x000000d8       0xb8 C:\Users\emh203\Documents\GitHub\hc-1\SRC\LPC-LINK-2\COMMON\lpc_board_nxp_lpclink2_4370\Debug\liblpc_board_nxp_lpclink2_4370.a(board.o)
 .debug_aranges
                0x00000190       0x20 C:\Users\emh203\Documents\GitHub\hc-1\SRC\LPC-LINK-2\COMMON\CMSIS_DSP_4_0_1\Debug\libCMSIS_DSP_4_0_1.a(arm_cfft_radix4_init_q15.o)
 .debug_aranges
                0x000001b0       0x30 C:\Users\emh203\Documents\GitHub\hc-1\SRC\LPC-LINK-2\COMMON\CMSIS_DSP_4_0_1\Debug\libCMSIS_DSP_4_0_1.a(arm_cfft_radix4_q15.o)
 .debug_aranges
                0x000001e0       0x18 C:\Users\emh203\Documents\GitHub\hc-1\SRC\LPC-LINK-2\COMMON\CMSIS_DSP_4_0_1\Debug\libCMSIS_DSP_4_0_1.a(arm_common_tables.o)
 .debug_aranges
                0x000001f8       0x30 C:\Users\emh203\Documents\GitHub\hc-1\SRC\LPC-LINK-2\COMMON\CMSIS_DSP_4_0_1\Debug\libCMSIS_DSP_4_0_1.a(arm_bitreversal.o)
 .debug_aranges
                0x00000228       0x38 C:\Users\emh203\Documents\GitHub\hc-1\SRC\LPC-LINK-2\COMMON\lpc_chip_43xx\Debug\liblpc_chip_43xx.a(chip_18xx_43xx.o)
 .debug_aranges
                0x00000260      0x128 C:\Users\emh203\Documents\GitHub\hc-1\SRC\LPC-LINK-2\COMMON\lpc_chip_43xx\Debug\liblpc_chip_43xx.a(clock_18xx_43xx.o)
 .debug_aranges
                0x00000388       0x20 C:\Users\emh203\Documents\GitHub\hc-1\SRC\LPC-LINK-2\COMMON\lpc_chip_43xx\Debug\liblpc_chip_43xx.a(fpu_init.o)
 .debug_aranges
                0x000003a8       0x48 C:\Users\emh203\Documents\GitHub\hc-1\SRC\LPC-LINK-2\COMMON\lpc_chip_43xx\Debug\liblpc_chip_43xx.a(gpio_18xx_43xx.o)
 .debug_aranges
                0x000003f0       0xa8 C:\Users\emh203\Documents\GitHub\hc-1\SRC\LPC-LINK-2\COMMON\lpc_chip_43xx\Debug\liblpc_chip_43xx.a(uart_18xx_43xx.o)

.debug_ranges   0x00000000      0x3c8
 .debug_ranges  0x00000000       0x10 ./src/FFT_SPEED.o
 .debug_ranges  0x00000010       0x70 ./src/cr_startup_lpc43xx.o
 .debug_ranges  0x00000080       0x10 ./src/sysinit.o
 .debug_ranges  0x00000090       0xa8 C:\Users\emh203\Documents\GitHub\hc-1\SRC\LPC-LINK-2\COMMON\lpc_board_nxp_lpclink2_4370\Debug\liblpc_board_nxp_lpclink2_4370.a(board.o)
 .debug_ranges  0x00000138       0x10 C:\Users\emh203\Documents\GitHub\hc-1\SRC\LPC-LINK-2\COMMON\CMSIS_DSP_4_0_1\Debug\libCMSIS_DSP_4_0_1.a(arm_cfft_radix4_init_q15.o)
 .debug_ranges  0x00000148       0x20 C:\Users\emh203\Documents\GitHub\hc-1\SRC\LPC-LINK-2\COMMON\CMSIS_DSP_4_0_1\Debug\libCMSIS_DSP_4_0_1.a(arm_cfft_radix4_q15.o)
 .debug_ranges  0x00000168       0x20 C:\Users\emh203\Documents\GitHub\hc-1\SRC\LPC-LINK-2\COMMON\CMSIS_DSP_4_0_1\Debug\libCMSIS_DSP_4_0_1.a(arm_bitreversal.o)
 .debug_ranges  0x00000188       0x28 C:\Users\emh203\Documents\GitHub\hc-1\SRC\LPC-LINK-2\COMMON\lpc_chip_43xx\Debug\liblpc_chip_43xx.a(chip_18xx_43xx.o)
 .debug_ranges  0x000001b0      0x118 C:\Users\emh203\Documents\GitHub\hc-1\SRC\LPC-LINK-2\COMMON\lpc_chip_43xx\Debug\liblpc_chip_43xx.a(clock_18xx_43xx.o)
 .debug_ranges  0x000002c8       0x10 C:\Users\emh203\Documents\GitHub\hc-1\SRC\LPC-LINK-2\COMMON\lpc_chip_43xx\Debug\liblpc_chip_43xx.a(fpu_init.o)
 .debug_ranges  0x000002d8       0x38 C:\Users\emh203\Documents\GitHub\hc-1\SRC\LPC-LINK-2\COMMON\lpc_chip_43xx\Debug\liblpc_chip_43xx.a(gpio_18xx_43xx.o)
 .debug_ranges  0x00000310       0xb8 C:\Users\emh203\Documents\GitHub\hc-1\SRC\LPC-LINK-2\COMMON\lpc_chip_43xx\Debug\liblpc_chip_43xx.a(uart_18xx_43xx.o)

.debug_macro    0x00000000     0x724a
 .debug_macro   0x00000000      0x355 ./src/FFT_SPEED.o
 .debug_macro   0x00000355      0x87a ./src/FFT_SPEED.o
 .debug_macro   0x00000bcf       0x10 ./src/FFT_SPEED.o
 .debug_macro   0x00000bdf       0x10 ./src/FFT_SPEED.o
 .debug_macro   0x00000bef      0x122 ./src/FFT_SPEED.o
 .debug_macro   0x00000d11      0x5b9 ./src/FFT_SPEED.o
 .debug_macro   0x000012ca       0x22 ./src/FFT_SPEED.o
 .debug_macro   0x000012ec       0x7b ./src/FFT_SPEED.o
 .debug_macro   0x00001367       0x28 ./src/FFT_SPEED.o
 .debug_macro   0x0000138f       0x3b ./src/FFT_SPEED.o
 .debug_macro   0x000013ca       0x2d ./src/FFT_SPEED.o
 .debug_macro   0x000013f7       0x26 ./src/FFT_SPEED.o
 .debug_macro   0x0000141d      0xd39 ./src/FFT_SPEED.o
 .debug_macro   0x00002156      0x2bc ./src/FFT_SPEED.o
 .debug_macro   0x00002412      0x112 ./src/FFT_SPEED.o
 .debug_macro   0x00002524       0x11 ./src/FFT_SPEED.o
 .debug_macro   0x00002535       0x1e ./src/FFT_SPEED.o
 .debug_macro   0x00002553       0x16 ./src/FFT_SPEED.o
 .debug_macro   0x00002569      0x2e6 ./src/FFT_SPEED.o
 .debug_macro   0x0000284f       0x82 ./src/FFT_SPEED.o
 .debug_macro   0x000028d1      0x13d ./src/FFT_SPEED.o
 .debug_macro   0x00002a0e      0x198 ./src/FFT_SPEED.o
 .debug_macro   0x00002ba6       0x34 ./src/FFT_SPEED.o
 .debug_macro   0x00002bda       0x58 ./src/FFT_SPEED.o
 .debug_macro   0x00002c32      0x236 ./src/FFT_SPEED.o
 .debug_macro   0x00002e68      0x572 ./src/FFT_SPEED.o
 .debug_macro   0x000033da       0x16 ./src/FFT_SPEED.o
 .debug_macro   0x000033f0      0x18a ./src/FFT_SPEED.o
 .debug_macro   0x0000357a       0x88 ./src/FFT_SPEED.o
 .debug_macro   0x00003602      0x1b9 ./src/FFT_SPEED.o
 .debug_macro   0x000037bb      0x1da ./src/FFT_SPEED.o
 .debug_macro   0x00003995       0x40 ./src/FFT_SPEED.o
 .debug_macro   0x000039d5       0x1c ./src/FFT_SPEED.o
 .debug_macro   0x000039f1       0x2e ./src/FFT_SPEED.o
 .debug_macro   0x00003a1f       0x2e ./src/FFT_SPEED.o
 .debug_macro   0x00003a4d       0x22 ./src/FFT_SPEED.o
 .debug_macro   0x00003a6f      0x201 ./src/FFT_SPEED.o
 .debug_macro   0x00003c70       0xe0 ./src/FFT_SPEED.o
 .debug_macro   0x00003d50      0x34c ./src/FFT_SPEED.o
 .debug_macro   0x0000409c       0xdc ./src/FFT_SPEED.o
 .debug_macro   0x00004178       0x94 ./src/FFT_SPEED.o
 .debug_macro   0x0000420c       0xb8 ./src/FFT_SPEED.o
 .debug_macro   0x000042c4       0x4c ./src/FFT_SPEED.o
 .debug_macro   0x00004310       0x16 ./src/FFT_SPEED.o
 .debug_macro   0x00004326      0x328 ./src/FFT_SPEED.o
 .debug_macro   0x0000464e       0x3a ./src/FFT_SPEED.o
 .debug_macro   0x00004688       0xd0 ./src/FFT_SPEED.o
 .debug_macro   0x00004758       0x18 ./src/FFT_SPEED.o
 .debug_macro   0x00004770       0x22 ./src/FFT_SPEED.o
 .debug_macro   0x00004792       0x40 ./src/FFT_SPEED.o
 .debug_macro   0x000047d2       0x5e ./src/FFT_SPEED.o
 .debug_macro   0x00004830       0x9a ./src/FFT_SPEED.o
 .debug_macro   0x000048ca       0x20 ./src/FFT_SPEED.o
 .debug_macro   0x000048ea       0x22 ./src/FFT_SPEED.o
 .debug_macro   0x0000490c       0x12 ./src/FFT_SPEED.o
 .debug_macro   0x0000491e       0xc4 ./src/FFT_SPEED.o
 .debug_macro   0x000049e2       0xc1 ./src/FFT_SPEED.o
 .debug_macro   0x00004aa3       0x82 ./src/FFT_SPEED.o
 .debug_macro   0x00004b25       0x1d ./src/cr_startup_lpc43xx.o
 .debug_macro   0x00004b42       0x1a ./src/crp.o
 .debug_macro   0x00004b5c       0x34 ./src/crp.o
 .debug_macro   0x00004b90      0x306 ./src/sysinit.o
 .debug_macro   0x00004e96      0x329 C:\Users\emh203\Documents\GitHub\hc-1\SRC\LPC-LINK-2\COMMON\lpc_board_nxp_lpclink2_4370\Debug\liblpc_board_nxp_lpclink2_4370.a(board.o)
 .debug_macro   0x000051bf      0x868 C:\Users\emh203\Documents\GitHub\hc-1\SRC\LPC-LINK-2\COMMON\lpc_board_nxp_lpclink2_4370\Debug\liblpc_board_nxp_lpclink2_4370.a(board.o)
 .debug_macro   0x00005a27       0x2d C:\Users\emh203\Documents\GitHub\hc-1\SRC\LPC-LINK-2\COMMON\lpc_board_nxp_lpclink2_4370\Debug\liblpc_board_nxp_lpclink2_4370.a(board.o)
 .debug_macro   0x00005a54       0x42 C:\Users\emh203\Documents\GitHub\hc-1\SRC\LPC-LINK-2\COMMON\lpc_board_nxp_lpclink2_4370\Debug\liblpc_board_nxp_lpclink2_4370.a(board.o)
 .debug_macro   0x00005a96       0x12 C:\Users\emh203\Documents\GitHub\hc-1\SRC\LPC-LINK-2\COMMON\lpc_board_nxp_lpclink2_4370\Debug\liblpc_board_nxp_lpclink2_4370.a(board.o)
 .debug_macro   0x00005aa8       0xad C:\Users\emh203\Documents\GitHub\hc-1\SRC\LPC-LINK-2\COMMON\CMSIS_DSP_4_0_1\Debug\libCMSIS_DSP_4_0_1.a(arm_cfft_radix4_init_q15.o)
 .debug_macro   0x00005b55      0x880 C:\Users\emh203\Documents\GitHub\hc-1\SRC\LPC-LINK-2\COMMON\CMSIS_DSP_4_0_1\Debug\libCMSIS_DSP_4_0_1.a(arm_cfft_radix4_init_q15.o)
 .debug_macro   0x000063d5       0x3b C:\Users\emh203\Documents\GitHub\hc-1\SRC\LPC-LINK-2\COMMON\CMSIS_DSP_4_0_1\Debug\libCMSIS_DSP_4_0_1.a(arm_cfft_radix4_init_q15.o)
 .debug_macro   0x00006410       0x40 C:\Users\emh203\Documents\GitHub\hc-1\SRC\LPC-LINK-2\COMMON\CMSIS_DSP_4_0_1\Debug\libCMSIS_DSP_4_0_1.a(arm_cfft_radix4_init_q15.o)
 .debug_macro   0x00006450       0x9a C:\Users\emh203\Documents\GitHub\hc-1\SRC\LPC-LINK-2\COMMON\CMSIS_DSP_4_0_1\Debug\libCMSIS_DSP_4_0_1.a(arm_cfft_radix4_q15.o)
 .debug_macro   0x000064ea       0xad C:\Users\emh203\Documents\GitHub\hc-1\SRC\LPC-LINK-2\COMMON\CMSIS_DSP_4_0_1\Debug\libCMSIS_DSP_4_0_1.a(arm_common_tables.o)
 .debug_macro   0x00006597       0xad C:\Users\emh203\Documents\GitHub\hc-1\SRC\LPC-LINK-2\COMMON\CMSIS_DSP_4_0_1\Debug\libCMSIS_DSP_4_0_1.a(arm_bitreversal.o)
 .debug_macro   0x00006644      0x2d0 C:\Users\emh203\Documents\GitHub\hc-1\SRC\LPC-LINK-2\COMMON\lpc_chip_43xx\Debug\liblpc_chip_43xx.a(chip_18xx_43xx.o)
 .debug_macro   0x00006914      0x2d6 C:\Users\emh203\Documents\GitHub\hc-1\SRC\LPC-LINK-2\COMMON\lpc_chip_43xx\Debug\liblpc_chip_43xx.a(clock_18xx_43xx.o)
 .debug_macro   0x00006bea       0xc0 C:\Users\emh203\Documents\GitHub\hc-1\SRC\LPC-LINK-2\COMMON\lpc_chip_43xx\Debug\liblpc_chip_43xx.a(fpu_init.o)
 .debug_macro   0x00006caa      0x2d0 C:\Users\emh203\Documents\GitHub\hc-1\SRC\LPC-LINK-2\COMMON\lpc_chip_43xx\Debug\liblpc_chip_43xx.a(gpio_18xx_43xx.o)
 .debug_macro   0x00006f7a      0x2d0 C:\Users\emh203\Documents\GitHub\hc-1\SRC\LPC-LINK-2\COMMON\lpc_chip_43xx\Debug\liblpc_chip_43xx.a(uart_18xx_43xx.o)

.debug_line     0x00000000     0x466a
 .debug_line    0x00000000      0x758 ./src/FFT_SPEED.o
 .debug_line    0x00000758       0xd3 ./src/cr_startup_lpc43xx.o
 .debug_line    0x0000082b       0x78 ./src/crp.o
 .debug_line    0x000008a3      0x6a3 ./src/sysinit.o
 .debug_line    0x00000f46      0x83d C:\Users\emh203\Documents\GitHub\hc-1\SRC\LPC-LINK-2\COMMON\lpc_board_nxp_lpclink2_4370\Debug\liblpc_board_nxp_lpclink2_4370.a(board.o)
 .debug_line    0x00001783      0x226 C:\Users\emh203\Documents\GitHub\hc-1\SRC\LPC-LINK-2\COMMON\CMSIS_DSP_4_0_1\Debug\libCMSIS_DSP_4_0_1.a(arm_cfft_radix4_init_q15.o)
 .debug_line    0x000019a9      0x828 C:\Users\emh203\Documents\GitHub\hc-1\SRC\LPC-LINK-2\COMMON\CMSIS_DSP_4_0_1\Debug\libCMSIS_DSP_4_0_1.a(arm_cfft_radix4_q15.o)
 .debug_line    0x000021d1      0x1d5 C:\Users\emh203\Documents\GitHub\hc-1\SRC\LPC-LINK-2\COMMON\CMSIS_DSP_4_0_1\Debug\libCMSIS_DSP_4_0_1.a(arm_common_tables.o)
 .debug_line    0x000023a6      0x285 C:\Users\emh203\Documents\GitHub\hc-1\SRC\LPC-LINK-2\COMMON\CMSIS_DSP_4_0_1\Debug\libCMSIS_DSP_4_0_1.a(arm_bitreversal.o)
 .debug_line    0x0000262b      0x621 C:\Users\emh203\Documents\GitHub\hc-1\SRC\LPC-LINK-2\COMMON\lpc_chip_43xx\Debug\liblpc_chip_43xx.a(chip_18xx_43xx.o)
 .debug_line    0x00002c4c      0x92c C:\Users\emh203\Documents\GitHub\hc-1\SRC\LPC-LINK-2\COMMON\lpc_chip_43xx\Debug\liblpc_chip_43xx.a(clock_18xx_43xx.o)
 .debug_line    0x00003578      0x1ee C:\Users\emh203\Documents\GitHub\hc-1\SRC\LPC-LINK-2\COMMON\lpc_chip_43xx\Debug\liblpc_chip_43xx.a(fpu_init.o)
 .debug_line    0x00003766      0x644 C:\Users\emh203\Documents\GitHub\hc-1\SRC\LPC-LINK-2\COMMON\lpc_chip_43xx\Debug\liblpc_chip_43xx.a(gpio_18xx_43xx.o)
 .debug_line    0x00003daa      0x8c0 C:\Users\emh203\Documents\GitHub\hc-1\SRC\LPC-LINK-2\COMMON\lpc_chip_43xx\Debug\liblpc_chip_43xx.a(uart_18xx_43xx.o)

.debug_str      0x00000000    0x1856d
 .debug_str     0x00000000    0x1635c ./src/FFT_SPEED.o
                              0x1647c (size before relaxing)
 .debug_str     0x0001635c      0x1f0 ./src/cr_startup_lpc43xx.o
                               0x2693 (size before relaxing)
 .debug_str     0x0001654c       0xe9 ./src/crp.o
                               0x2578 (size before relaxing)
 .debug_str     0x00016635       0x23 ./src/sysinit.o
                              0x14a98 (size before relaxing)
 .debug_str     0x00016658      0xa32 C:\Users\emh203\Documents\GitHub\hc-1\SRC\LPC-LINK-2\COMMON\lpc_board_nxp_lpclink2_4370\Debug\liblpc_board_nxp_lpclink2_4370.a(board.o)
                              0x15ebd (size before relaxing)
 .debug_str     0x0001708a      0x310 C:\Users\emh203\Documents\GitHub\hc-1\SRC\LPC-LINK-2\COMMON\CMSIS_DSP_4_0_1\Debug\libCMSIS_DSP_4_0_1.a(arm_cfft_radix4_init_q15.o)
                               0x4e86 (size before relaxing)
 .debug_str     0x0001739a      0x123 C:\Users\emh203\Documents\GitHub\hc-1\SRC\LPC-LINK-2\COMMON\CMSIS_DSP_4_0_1\Debug\libCMSIS_DSP_4_0_1.a(arm_cfft_radix4_q15.o)
                               0x4cb1 (size before relaxing)
 .debug_str     0x000174bd      0x281 C:\Users\emh203\Documents\GitHub\hc-1\SRC\LPC-LINK-2\COMMON\CMSIS_DSP_4_0_1\Debug\libCMSIS_DSP_4_0_1.a(arm_common_tables.o)
                               0x4fc0 (size before relaxing)
 .debug_str     0x0001773e       0x7d C:\Users\emh203\Documents\GitHub\hc-1\SRC\LPC-LINK-2\COMMON\CMSIS_DSP_4_0_1\Debug\libCMSIS_DSP_4_0_1.a(arm_bitreversal.o)
                               0x4de1 (size before relaxing)
 .debug_str     0x000177bb      0x3cc C:\Users\emh203\Documents\GitHub\hc-1\SRC\LPC-LINK-2\COMMON\lpc_chip_43xx\Debug\liblpc_chip_43xx.a(chip_18xx_43xx.o)
                              0x15a7f (size before relaxing)
 .debug_str     0x00017b87      0x4be C:\Users\emh203\Documents\GitHub\hc-1\SRC\LPC-LINK-2\COMMON\lpc_chip_43xx\Debug\liblpc_chip_43xx.a(clock_18xx_43xx.o)
                              0x15e9d (size before relaxing)
 .debug_str     0x00018045       0xad C:\Users\emh203\Documents\GitHub\hc-1\SRC\LPC-LINK-2\COMMON\lpc_chip_43xx\Debug\liblpc_chip_43xx.a(fpu_init.o)
                               0x9849 (size before relaxing)
 .debug_str     0x000180f2       0xee C:\Users\emh203\Documents\GitHub\hc-1\SRC\LPC-LINK-2\COMMON\lpc_chip_43xx\Debug\liblpc_chip_43xx.a(gpio_18xx_43xx.o)
                              0x14d4c (size before relaxing)
 .debug_str     0x000181e0      0x38d C:\Users\emh203\Documents\GitHub\hc-1\SRC\LPC-LINK-2\COMMON\lpc_chip_43xx\Debug\liblpc_chip_43xx.a(uart_18xx_43xx.o)
                              0x15af3 (size before relaxing)

.comment        0x00000000       0x70
 .comment       0x00000000       0x70 ./src/FFT_SPEED.o
                                 0x71 (size before relaxing)
 .comment       0x00000000       0x71 ./src/cr_startup_lpc43xx.o
 .comment       0x00000000       0x71 ./src/crp.o
 .comment       0x00000000       0x71 ./src/sysinit.o
 .comment       0x00000000       0x71 C:\Users\emh203\Documents\GitHub\hc-1\SRC\LPC-LINK-2\COMMON\lpc_board_nxp_lpclink2_4370\Debug\liblpc_board_nxp_lpclink2_4370.a(board.o)
 .comment       0x00000000       0x71 C:\Users\emh203\Documents\GitHub\hc-1\SRC\LPC-LINK-2\COMMON\CMSIS_DSP_4_0_1\Debug\libCMSIS_DSP_4_0_1.a(arm_cfft_radix4_init_q15.o)
 .comment       0x00000000       0x71 C:\Users\emh203\Documents\GitHub\hc-1\SRC\LPC-LINK-2\COMMON\CMSIS_DSP_4_0_1\Debug\libCMSIS_DSP_4_0_1.a(arm_cfft_radix4_q15.o)
 .comment       0x00000000       0x71 C:\Users\emh203\Documents\GitHub\hc-1\SRC\LPC-LINK-2\COMMON\CMSIS_DSP_4_0_1\Debug\libCMSIS_DSP_4_0_1.a(arm_common_tables.o)
 .comment       0x00000000       0x71 C:\Users\emh203\Documents\GitHub\hc-1\SRC\LPC-LINK-2\COMMON\CMSIS_DSP_4_0_1\Debug\libCMSIS_DSP_4_0_1.a(arm_bitreversal.o)
 .comment       0x00000000       0x71 C:\Users\emh203\Documents\GitHub\hc-1\SRC\LPC-LINK-2\COMMON\lpc_chip_43xx\Debug\liblpc_chip_43xx.a(chip_18xx_43xx.o)
 .comment       0x00000000       0x71 C:\Users\emh203\Documents\GitHub\hc-1\SRC\LPC-LINK-2\COMMON\lpc_chip_43xx\Debug\liblpc_chip_43xx.a(clock_18xx_43xx.o)
 .comment       0x00000000       0x71 C:\Users\emh203\Documents\GitHub\hc-1\SRC\LPC-LINK-2\COMMON\lpc_chip_43xx\Debug\liblpc_chip_43xx.a(fpu_init.o)
 .comment       0x00000000       0x71 C:\Users\emh203\Documents\GitHub\hc-1\SRC\LPC-LINK-2\COMMON\lpc_chip_43xx\Debug\liblpc_chip_43xx.a(gpio_18xx_43xx.o)
 .comment       0x00000000       0x71 C:\Users\emh203\Documents\GitHub\hc-1\SRC\LPC-LINK-2\COMMON\lpc_chip_43xx\Debug\liblpc_chip_43xx.a(uart_18xx_43xx.o)
 .comment       0x00000000       0x71 c:/nxp/lpcxpresso_7.2.0_153/lpcxpresso/tools/bin/../lib/gcc/arm-none-eabi/4.8.3/../../../../arm-none-eabi/lib/armv7e-m/softfp\libcr_c.a(__weak__main.o)
 .comment       0x00000000       0x71 c:/nxp/lpcxpresso_7.2.0_153/lpcxpresso/tools/bin/../lib/gcc/arm-none-eabi/4.8.3/../../../../arm-none-eabi/lib/armv7e-m/softfp\libcr_c.a(stdlib.o)

.ARM.attributes
                0x00000000       0x35
 .ARM.attributes
                0x00000000       0x37 ./src/FFT_SPEED.o
 .ARM.attributes
                0x00000037       0x37 ./src/cr_startup_lpc43xx.o
 .ARM.attributes
                0x0000006e       0x37 ./src/crp.o
 .ARM.attributes
                0x000000a5       0x37 ./src/sysinit.o
 .ARM.attributes
                0x000000dc       0x37 C:\Users\emh203\Documents\GitHub\hc-1\SRC\LPC-LINK-2\COMMON\lpc_board_nxp_lpclink2_4370\Debug\liblpc_board_nxp_lpclink2_4370.a(board.o)
 .ARM.attributes
                0x00000113       0x37 C:\Users\emh203\Documents\GitHub\hc-1\SRC\LPC-LINK-2\COMMON\CMSIS_DSP_4_0_1\Debug\libCMSIS_DSP_4_0_1.a(arm_cfft_radix4_init_q15.o)
 .ARM.attributes
                0x0000014a       0x37 C:\Users\emh203\Documents\GitHub\hc-1\SRC\LPC-LINK-2\COMMON\CMSIS_DSP_4_0_1\Debug\libCMSIS_DSP_4_0_1.a(arm_cfft_radix4_q15.o)
 .ARM.attributes
                0x00000181       0x37 C:\Users\emh203\Documents\GitHub\hc-1\SRC\LPC-LINK-2\COMMON\CMSIS_DSP_4_0_1\Debug\libCMSIS_DSP_4_0_1.a(arm_common_tables.o)
 .ARM.attributes
                0x000001b8       0x37 C:\Users\emh203\Documents\GitHub\hc-1\SRC\LPC-LINK-2\COMMON\CMSIS_DSP_4_0_1\Debug\libCMSIS_DSP_4_0_1.a(arm_bitreversal.o)
 .ARM.attributes
                0x000001ef       0x37 C:\Users\emh203\Documents\GitHub\hc-1\SRC\LPC-LINK-2\COMMON\lpc_chip_43xx\Debug\liblpc_chip_43xx.a(chip_18xx_43xx.o)
 .ARM.attributes
                0x00000226       0x37 C:\Users\emh203\Documents\GitHub\hc-1\SRC\LPC-LINK-2\COMMON\lpc_chip_43xx\Debug\liblpc_chip_43xx.a(clock_18xx_43xx.o)
 .ARM.attributes
                0x0000025d       0x37 C:\Users\emh203\Documents\GitHub\hc-1\SRC\LPC-LINK-2\COMMON\lpc_chip_43xx\Debug\liblpc_chip_43xx.a(fpu_init.o)
 .ARM.attributes
                0x00000294       0x37 C:\Users\emh203\Documents\GitHub\hc-1\SRC\LPC-LINK-2\COMMON\lpc_chip_43xx\Debug\liblpc_chip_43xx.a(gpio_18xx_43xx.o)
 .ARM.attributes
                0x000002cb       0x37 C:\Users\emh203\Documents\GitHub\hc-1\SRC\LPC-LINK-2\COMMON\lpc_chip_43xx\Debug\liblpc_chip_43xx.a(uart_18xx_43xx.o)
 .ARM.attributes
                0x00000302       0x37 c:/nxp/lpcxpresso_7.2.0_153/lpcxpresso/tools/bin/../lib/gcc/arm-none-eabi/4.8.3/../../../../arm-none-eabi/lib/armv7e-m/softfp\libcr_c.a(__weak__main.o)
 .ARM.attributes
                0x00000339       0x37 c:/nxp/lpcxpresso_7.2.0_153/lpcxpresso/tools/bin/../lib/gcc/arm-none-eabi/4.8.3/../../../../arm-none-eabi/lib/armv7e-m/softfp\libcr_c.a(stdlib.o)

.debug_frame    0x00000000      0x994
 .debug_frame   0x00000000       0x2c ./src/FFT_SPEED.o
 .debug_frame   0x0000002c       0xf4 ./src/cr_startup_lpc43xx.o
 .debug_frame   0x00000120       0x28 ./src/sysinit.o
 .debug_frame   0x00000148      0x184 C:\Users\emh203\Documents\GitHub\hc-1\SRC\LPC-LINK-2\COMMON\lpc_board_nxp_lpclink2_4370\Debug\liblpc_board_nxp_lpclink2_4370.a(board.o)
 .debug_frame   0x000002cc       0x28 C:\Users\emh203\Documents\GitHub\hc-1\SRC\LPC-LINK-2\COMMON\CMSIS_DSP_4_0_1\Debug\libCMSIS_DSP_4_0_1.a(arm_cfft_radix4_init_q15.o)
 .debug_frame   0x000002f4       0x7c C:\Users\emh203\Documents\GitHub\hc-1\SRC\LPC-LINK-2\COMMON\CMSIS_DSP_4_0_1\Debug\libCMSIS_DSP_4_0_1.a(arm_cfft_radix4_q15.o)
 .debug_frame   0x00000370       0x80 C:\Users\emh203\Documents\GitHub\hc-1\SRC\LPC-LINK-2\COMMON\CMSIS_DSP_4_0_1\Debug\libCMSIS_DSP_4_0_1.a(arm_bitreversal.o)
 .debug_frame   0x000003f0       0x70 C:\Users\emh203\Documents\GitHub\hc-1\SRC\LPC-LINK-2\COMMON\lpc_chip_43xx\Debug\liblpc_chip_43xx.a(chip_18xx_43xx.o)
 .debug_frame   0x00000460      0x2c0 C:\Users\emh203\Documents\GitHub\hc-1\SRC\LPC-LINK-2\COMMON\lpc_chip_43xx\Debug\liblpc_chip_43xx.a(clock_18xx_43xx.o)
 .debug_frame   0x00000720       0x24 C:\Users\emh203\Documents\GitHub\hc-1\SRC\LPC-LINK-2\COMMON\lpc_chip_43xx\Debug\liblpc_chip_43xx.a(fpu_init.o)
 .debug_frame   0x00000744       0x80 C:\Users\emh203\Documents\GitHub\hc-1\SRC\LPC-LINK-2\COMMON\lpc_chip_43xx\Debug\liblpc_chip_43xx.a(gpio_18xx_43xx.o)
 .debug_frame   0x000007c4      0x1d0 C:\Users\emh203\Documents\GitHub\hc-1\SRC\LPC-LINK-2\COMMON\lpc_chip_43xx\Debug\liblpc_chip_43xx.a(uart_18xx_43xx.o)
