Archive member included because of file (symbol)

C:\Users\emh203\Documents\GitHub\hc-1\SRC\LPC-LINK-2\COMMON\lpc_board_nxp_lpclink2_4370\Debug\liblpc_board_nxp_lpclink2_4370.a(board.o)
                              ./example/src/systick.o (Board_LED_Toggle)
C:\Users\emh203\Documents\GitHub\hc-1\SRC\LPC-LINK-2\COMMON\lpc_board_nxp_lpclink2_4370\Debug\liblpc_board_nxp_lpclink2_4370.a(board_sysinit.o)
                              ./example/src/sysinit.o (Board_SystemInit)
C:\Users\emh203\Documents\GitHub\hc-1\SRC\LPC-LINK-2\COMMON\lpc_chip_43xx\Debug\liblpc_chip_43xx.a(chip_18xx_43xx.o)
                              ./example/src/systick.o (SystemCoreClockUpdate)
C:\Users\emh203\Documents\GitHub\hc-1\SRC\LPC-LINK-2\COMMON\lpc_chip_43xx\Debug\liblpc_chip_43xx.a(clock_18xx_43xx.o)
                              C:\Users\emh203\Documents\GitHub\hc-1\SRC\LPC-LINK-2\COMMON\lpc_board_nxp_lpclink2_4370\Debug\liblpc_board_nxp_lpclink2_4370.a(board_sysinit.o) (Chip_Clock_SetDivider)
C:\Users\emh203\Documents\GitHub\hc-1\SRC\LPC-LINK-2\COMMON\lpc_chip_43xx\Debug\liblpc_chip_43xx.a(fpu_init.o)
                              ./example/src/sysinit.o (fpuInit)
C:\Users\emh203\Documents\GitHub\hc-1\SRC\LPC-LINK-2\COMMON\lpc_chip_43xx\Debug\liblpc_chip_43xx.a(gpio_18xx_43xx.o)
                              C:\Users\emh203\Documents\GitHub\hc-1\SRC\LPC-LINK-2\COMMON\lpc_board_nxp_lpclink2_4370\Debug\liblpc_board_nxp_lpclink2_4370.a(board.o) (Chip_GPIO_Init)
C:\Users\emh203\Documents\GitHub\hc-1\SRC\LPC-LINK-2\COMMON\lpc_chip_43xx\Debug\liblpc_chip_43xx.a(sysinit_18xx_43xx.o)
                              C:\Users\emh203\Documents\GitHub\hc-1\SRC\LPC-LINK-2\COMMON\lpc_board_nxp_lpclink2_4370\Debug\liblpc_board_nxp_lpclink2_4370.a(board_sysinit.o) (Chip_SetupCoreClock)
C:\Users\emh203\Documents\GitHub\hc-1\SRC\LPC-LINK-2\COMMON\lpc_chip_43xx\Debug\liblpc_chip_43xx.a(uart_18xx_43xx.o)
                              C:\Users\emh203\Documents\GitHub\hc-1\SRC\LPC-LINK-2\COMMON\lpc_board_nxp_lpclink2_4370\Debug\liblpc_board_nxp_lpclink2_4370.a(board.o) (Chip_UART_Init)
C:\Users\emh203\Documents\GitHub\hc-1\SRC\LPC-LINK-2\COMMON\lpc_chip_43xx\Debug\liblpc_chip_43xx.a(ring_buffer.o)
                              C:\Users\emh203\Documents\GitHub\hc-1\SRC\LPC-LINK-2\COMMON\lpc_chip_43xx\Debug\liblpc_chip_43xx.a(uart_18xx_43xx.o) (RingBuffer_Insert)
c:/nxp/lpcxpresso_7.2.0_153/lpcxpresso/tools/bin/../lib/gcc/arm-none-eabi/4.8.3/../../../../arm-none-eabi/lib/armv7e-m/softfp\libcr_nohost.a(_cr__main.o)
                              ./example/src/cr_startup_lpc43xx.o (__main)
c:/nxp/lpcxpresso_7.2.0_153/lpcxpresso/tools/bin/../lib/gcc/arm-none-eabi/4.8.3/../../../../arm-none-eabi/lib/armv7e-m/softfp\libcr_c.a(memcpy.o)
                              C:\Users\emh203\Documents\GitHub\hc-1\SRC\LPC-LINK-2\COMMON\lpc_chip_43xx\Debug\liblpc_chip_43xx.a(ring_buffer.o) (memcpy)
c:/nxp/lpcxpresso_7.2.0_153/lpcxpresso/tools/bin/../lib/gcc/arm-none-eabi/4.8.3/../../../../arm-none-eabi/lib/armv7e-m/softfp\libcr_c.a(initio.o)
                              c:/nxp/lpcxpresso_7.2.0_153/lpcxpresso/tools/bin/../lib/gcc/arm-none-eabi/4.8.3/../../../../arm-none-eabi/lib/armv7e-m/softfp\libcr_nohost.a(_cr__main.o) (_initio)
c:/nxp/lpcxpresso_7.2.0_153/lpcxpresso/tools/bin/../lib/gcc/arm-none-eabi/4.8.3/../../../../arm-none-eabi/lib/armv7e-m/softfp\libcr_c.a(setvbuf.o)
                              c:/nxp/lpcxpresso_7.2.0_153/lpcxpresso/tools/bin/../lib/gcc/arm-none-eabi/4.8.3/../../../../arm-none-eabi/lib/armv7e-m/softfp\libcr_c.a(initio.o) (setvbuf)
c:/nxp/lpcxpresso_7.2.0_153/lpcxpresso/tools/bin/../lib/gcc/arm-none-eabi/4.8.3/../../../../arm-none-eabi/lib/armv7e-m/softfp\libcr_c.a(stdio.o)
                              c:/nxp/lpcxpresso_7.2.0_153/lpcxpresso/tools/bin/../lib/gcc/arm-none-eabi/4.8.3/../../../../arm-none-eabi/lib/armv7e-m/softfp\libcr_c.a(initio.o) (__Ciob)
c:/nxp/lpcxpresso_7.2.0_153/lpcxpresso/tools/bin/../lib/gcc/arm-none-eabi/4.8.3/../../../../arm-none-eabi/lib/armv7e-m/softfp\libcr_c.a(memset.o)
                              c:/nxp/lpcxpresso_7.2.0_153/lpcxpresso/tools/bin/../lib/gcc/arm-none-eabi/4.8.3/../../../../arm-none-eabi/lib/armv7e-m/softfp\libcr_c.a(initio.o) (memset)
c:/nxp/lpcxpresso_7.2.0_153/lpcxpresso/tools/bin/../lib/gcc/arm-none-eabi/4.8.3/../../../../arm-none-eabi/lib/armv7e-m/softfp\libcr_c.a(__fillbuf.o)
                              c:/nxp/lpcxpresso_7.2.0_153/lpcxpresso/tools/bin/../lib/gcc/arm-none-eabi/4.8.3/../../../../arm-none-eabi/lib/armv7e-m/softfp\libcr_c.a(stdio.o) (__filbuf)
c:/nxp/lpcxpresso_7.2.0_153/lpcxpresso/tools/bin/../lib/gcc/arm-none-eabi/4.8.3/../../../../arm-none-eabi/lib/armv7e-m/softfp\libcr_c.a(_deferredlazyseek.o)
                              c:/nxp/lpcxpresso_7.2.0_153/lpcxpresso/tools/bin/../lib/gcc/arm-none-eabi/4.8.3/../../../../arm-none-eabi/lib/armv7e-m/softfp\libcr_c.a(__fillbuf.o) (_deferredlazyseek)
[...]
Memory Configuration

Name             Origin             Length             Attributes
RamLoc128        0x10000000         0x00020000         xrw
RamLoc72         0x10080000         0x00012000         xrw
RamAHB32         0x20000000         0x00008000         xrw
RamAHB16         0x20008000         0x00004000         xrw
RamAHB_ETB16     0x2000c000         0x00004000         xrw
RamM0Sub16       0x18000000         0x00004000         xrw
RamM0Sub2        0x18004000         0x00000800         xrw
SPIFI            0x14000000         0x00400000         xr
*default*        0x00000000         0xffffffff

Linker script and memory map

LOAD ./example/src/cr_startup_lpc43xx.o
LOAD ./example/src/sysinit.o
LOAD ./example/src/systick.o
LOAD C:\Users\emh203\Documents\GitHub\hc-1\SRC\LPC-LINK-2\COMMON\lpc_board_nxp_lpclink2_4370\Debug\liblpc_board_nxp_lpclink2_4370.a
LOAD C:\Users\emh203\Documents\GitHub\hc-1\SRC\LPC-LINK-2\COMMON\lpc_chip_43xx\Debug\liblpc_chip_43xx.a
START GROUP
LOAD c:/nxp/lpcxpresso_7.2.0_153/lpcxpresso/tools/bin/../lib/gcc/arm-none-eabi/4.8.3/../../../../arm-none-eabi/lib/armv7e-m/softfp\libcr_nohost.a
LOAD c:/nxp/lpcxpresso_7.2.0_153/lpcxpresso/tools/bin/../lib/gcc/arm-none-eabi/4.8.3/../../../../arm-none-eabi/lib/armv7e-m/softfp\libcr_c.a
LOAD c:/nxp/lpcxpresso_7.2.0_153/lpcxpresso/tools/bin/../lib/gcc/arm-none-eabi/4.8.3/armv7e-m/softfp\libcr_eabihelpers.a
END GROUP
                0x10020000                __top_RamLoc128 = 0x10020000
                0x10092000                __top_RamLoc72 = 0x10092000
                0x20008000                __top_RamAHB32 = 0x20008000
                0x2000c000                __top_RamAHB16 = 0x2000c000
                0x20010000                __top_RamAHB_ETB16 = 0x20010000
                0x18004000                __top_RamM0Sub16 = 0x18004000
                0x18004800                __top_RamM0Sub2 = 0x18004800
                0x14400000                __top_SPIFI = 0x14400000

.text           0x14000000     0x12dc
 FILL mask 0xff
                0x14000000                __vectors_start__ = ABSOLUTE (.)
 *(.isr_vector)
 .isr_vector    0x14000000      0x114 ./example/src/cr_startup_lpc43xx.o
                0x14000000                g_pfnVectors
                0x14000114                . = ALIGN (0x4)
                0x14000114                __section_table_start = .
                0x14000114                __data_section_table = .
                0x14000114        0x4 LONG 0x140012dc LOADADDR (.data)
                0x14000118        0x4 LONG 0x10000000 ADDR (.data)
                0x1400011c        0x4 LONG 0x0 SIZEOF (.data)
                0x14000120        0x4 LONG 0x140012dc LOADADDR (.data_RAM2)
                0x14000124        0x4 LONG 0x10080000 ADDR (.data_RAM2)
                0x14000128        0x4 LONG 0x0 SIZEOF (.data_RAM2)
                0x1400012c        0x4 LONG 0x140012dc LOADADDR (.data_RAM3)
                0x14000130        0x4 LONG 0x20000000 ADDR (.data_RAM3)
                0x14000134        0x4 LONG 0x0 SIZEOF (.data_RAM3)
                0x14000138        0x4 LONG 0x140012dc LOADADDR (.data_RAM4)
                0x1400013c        0x4 LONG 0x20008000 ADDR (.data_RAM4)
                0x14000140        0x4 LONG 0x0 SIZEOF (.data_RAM4)
                0x14000144        0x4 LONG 0x140012dc LOADADDR (.data_RAM5)
                0x14000148        0x4 LONG 0x2000c000 ADDR (.data_RAM5)
                0x1400014c        0x4 LONG 0x0 SIZEOF (.data_RAM5)
                0x14000150        0x4 LONG 0x140012dc LOADADDR (.data_RAM6)
                0x14000154        0x4 LONG 0x18000000 ADDR (.data_RAM6)
                0x14000158        0x4 LONG 0x0 SIZEOF (.data_RAM6)
                0x1400015c        0x4 LONG 0x140012dc LOADADDR (.data_RAM7)
                0x14000160        0x4 LONG 0x18004000 ADDR (.data_RAM7)
                0x14000164        0x4 LONG 0x0 SIZEOF (.data_RAM7)
                0x14000168                __data_section_table_end = .
                0x14000168                __bss_section_table = .
                0x14000168        0x4 LONG 0x10000000 ADDR (.bss)
                0x1400016c        0x4 LONG 0x160 SIZEOF (.bss)
                0x14000170        0x4 LONG 0x10080000 ADDR (.bss_RAM2)
                0x14000174        0x4 LONG 0x0 SIZEOF (.bss_RAM2)
                0x14000178        0x4 LONG 0x20000000 ADDR (.bss_RAM3)
                0x1400017c        0x4 LONG 0x0 SIZEOF (.bss_RAM3)
                0x14000180        0x4 LONG 0x20008000 ADDR (.bss_RAM4)
                0x14000184        0x4 LONG 0x0 SIZEOF (.bss_RAM4)
                0x14000188        0x4 LONG 0x2000c000 ADDR (.bss_RAM5)
                0x1400018c        0x4 LONG 0x0 SIZEOF (.bss_RAM5)
                0x14000190        0x4 LONG 0x18000000 ADDR (.bss_RAM6)
                0x14000194        0x4 LONG 0x0 SIZEOF (.bss_RAM6)
                0x14000198        0x4 LONG 0x18004000 ADDR (.bss_RAM7)
                0x1400019c        0x4 LONG 0x0 SIZEOF (.bss_RAM7)
                0x140001a0                __bss_section_table_end = .
                0x140001a0                __section_table_end = .
 *(.after_vectors*)
 .after_vectors
                0x140001a0       0x58 ./example/src/cr_startup_lpc43xx.o
                0x140001a0                NMI_Handler
                0x140001a4                HardFault_Handler
                0x140001a8                MemManage_Handler
                0x140001ac                BusFault_Handler
                0x140001b0                UsageFault_Handler
                0x140001b4                SVC_Handler
                0x140001b8                DebugMon_Handler
                0x140001bc                PendSV_Handler
                0x140001c4                ATIMER_IRQHandler
                0x140001c4                SDIO_IRQHandler
                0x140001c4                ADCHS_IRQHandler
                0x140001c4                I2C1_IRQHandler
                0x140001c4                UART1_IRQHandler
                0x140001c4                GPIO5_IRQHandler
                0x140001c4                CAN1_IRQHandler
                0x140001c4                USB1_IRQHandler
                0x140001c4                I2S0_IRQHandler
                0x140001c4                TIMER3_IRQHandler
                0x140001c4                UART0_IRQHandler
                0x140001c4                GINT1_IRQHandler
                0x140001c4                SGPIO_IRQHandler
                0x140001c4                ADC0_IRQHandler
                0x140001c4                RIT_IRQHandler
                0x140001c4                FLASH_EEPROM_IRQHandler
                0x140001c4                IntDefaultHandler
                0x140001c4                GPIO1_IRQHandler
                0x140001c4                SSP0_IRQHandler
                0x140001c4                ADC1_IRQHandler
                0x140001c4                RTC_IRQHandler
                0x140001c4                TIMER0_IRQHandler
                0x140001c4                SPI_IRQHandler
                0x140001c4                LCD_IRQHandler
                0x140001c4                M0APP_IRQHandler
                0x140001c4                TIMER1_IRQHandler
                0x140001c4                UART2_IRQHandler
                0x140001c4                GPIO2_IRQHandler
                0x140001c4                I2S1_IRQHandler
                0x140001c4                SSP1_IRQHandler
                0x140001c4                USB0_IRQHandler
                0x140001c4                GPIO3_IRQHandler
                0x140001c4                SCT_IRQHandler
                0x140001c4                GPIO6_IRQHandler
                0x140001c4                WDT_IRQHandler
                0x140001c4                I2C0_IRQHandler
                0x140001c4                GPIO7_IRQHandler
                0x140001c4                SPIFI_IRQHandler
                0x140001c4                QEI_IRQHandler
                0x140001c4                ETH_IRQHandler
                0x140001c4                CAN0_IRQHandler
                0x140001c4                GINT0_IRQHandler
                0x140001c4                DAC_IRQHandler
                0x140001c4                M0SUB_IRQHandler
                0x140001c4                GPIO0_IRQHandler
                0x140001c4                DMA_IRQHandler
                0x140001c4                EVRT_IRQHandler
                0x140001c4                TIMER2_IRQHandler
                0x140001c4                UART3_IRQHandler
                0x140001c4                MCPWM_IRQHandler
                0x140001c4                GPIO4_IRQHandler
                0x140001c8                data_init
                0x140001e4                bss_init
 *(.text*)
 .text.ResetISR
                0x140001f8       0x80 ./example/src/cr_startup_lpc43xx.o
                0x140001f8                ResetISR
 .text.SystemInit
                0x14000278       0x1c ./example/src/sysinit.o
                0x14000278                SystemInit
 .text.SysTick_Handler
                0x14000294       0x24 ./example/src/systick.o
                0x14000294                SysTick_Handler
 .text.main     0x140002b8       0x48 ./example/src/systick.o
                0x140002b8                main
 .text.Board_LED_Init
                0x14000300       0x18 C:\Users\emh203\Documents\GitHub\hc-1\SRC\LPC-LINK-2\COMMON\lpc_board_nxp_lpclink2_4370\Debug\liblpc_board_nxp_lpclink2_4370.a(board.o)
 .text.Board_UART_Init
                0x14000318       0x2c C:\Users\emh203\Documents\GitHub\hc-1\SRC\LPC-LINK-2\COMMON\lpc_board_nxp_lpclink2_4370\Debug\liblpc_board_nxp_lpclink2_4370.a(board.o)
                0x14000318                Board_UART_Init
 .text.Board_Debug_Init
                0x14000344       0x28 C:\Users\emh203\Documents\GitHub\hc-1\SRC\LPC-LINK-2\COMMON\lpc_board_nxp_lpclink2_4370\Debug\liblpc_board_nxp_lpclink2_4370.a(board.o)
                0x14000344                Board_Debug_Init
 .text.Board_UARTPutChar
                0x1400036c       0x14 C:\Users\emh203\Documents\GitHub\hc-1\SRC\LPC-LINK-2\COMMON\lpc_board_nxp_lpclink2_4370\Debug\liblpc_board_nxp_lpclink2_4370.a(board.o)
                0x1400036c                Board_UARTPutChar
 .text.__sys_write
                0x14000380       0x1c C:\Users\emh203\Documents\GitHub\hc-1\SRC\LPC-LINK-2\COMMON\lpc_board_nxp_lpclink2_4370\Debug\liblpc_board_nxp_lpclink2_4370.a(board.o)
                0x14000380                __sys_write
 .text.Board_LED_Set
                0x1400039c        0xc C:\Users\emh203\Documents\GitHub\hc-1\SRC\LPC-LINK-2\COMMON\lpc_board_nxp_lpclink2_4370\Debug\liblpc_board_nxp_lpclink2_4370.a(board.o)
                0x1400039c                Board_LED_Set
 .text.Board_LED_Test
                0x140003a8       0x1c C:\Users\emh203\Documents\GitHub\hc-1\SRC\LPC-LINK-2\COMMON\lpc_board_nxp_lpclink2_4370\Debug\liblpc_board_nxp_lpclink2_4370.a(board.o)
                0x140003a8                Board_LED_Test
 .text.Board_LED_Toggle
                0x140003c4       0x18 C:\Users\emh203\Documents\GitHub\hc-1\SRC\LPC-LINK-2\COMMON\lpc_board_nxp_lpclink2_4370\Debug\liblpc_board_nxp_lpclink2_4370.a(board.o)
                0x140003c4                Board_LED_Toggle
 .text.Board_Init
                0x140003dc       0x18 C:\Users\emh203\Documents\GitHub\hc-1\SRC\LPC-LINK-2\COMMON\lpc_board_nxp_lpclink2_4370\Debug\liblpc_board_nxp_lpclink2_4370.a(board.o)
                0x140003dc                Board_Init
 .text.Board_SetupMuxing
                0x140003f4       0x58 C:\Users\emh203\Documents\GitHub\hc-1\SRC\LPC-LINK-2\COMMON\lpc_board_nxp_lpclink2_4370\Debug\liblpc_board_nxp_lpclink2_4370.a(board_sysinit.o)
                0x140003f4                Board_SetupMuxing
 .text.Board_SetupClocking
                0x1400044c       0x6c C:\Users\emh203\Documents\GitHub\hc-1\SRC\LPC-LINK-2\COMMON\lpc_board_nxp_lpclink2_4370\Debug\liblpc_board_nxp_lpclink2_4370.a(board_sysinit.o)
                0x1400044c                Board_SetupClocking
 .text.Board_SystemInit
                0x140004b8        0xc C:\Users\emh203\Documents\GitHub\hc-1\SRC\LPC-LINK-2\COMMON\lpc_board_nxp_lpclink2_4370\Debug\liblpc_board_nxp_lpclink2_4370.a(board_sysinit.o)
                0x140004b8                Board_SystemInit
 .text.SystemCoreClockUpdate
                0x140004c4       0x14 C:\Users\emh203\Documents\GitHub\hc-1\SRC\LPC-LINK-2\COMMON\lpc_chip_43xx\Debug\liblpc_chip_43xx.a(chip_18xx_43xx.o)
                0x140004c4                SystemCoreClockUpdate
 .text.Chip_Clock_TestMainPLLMultiplier
                0x140004d8       0x24 C:\Users\emh203\Documents\GitHub\hc-1\SRC\LPC-LINK-2\COMMON\lpc_chip_43xx\Debug\liblpc_chip_43xx.a(clock_18xx_43xx.o)
 .text.Chip_Clock_FindBaseClock
                0x140004fc       0x48 C:\Users\emh203\Documents\GitHub\hc-1\SRC\LPC-LINK-2\COMMON\lpc_chip_43xx\Debug\liblpc_chip_43xx.a(clock_18xx_43xx.o)
 .text.Chip_Clock_EnableCrystal
                0x14000544       0x4c C:\Users\emh203\Documents\GitHub\hc-1\SRC\LPC-LINK-2\COMMON\lpc_chip_43xx\Debug\liblpc_chip_43xx.a(clock_18xx_43xx.o)
                0x14000544                Chip_Clock_EnableCrystal
 .text.Chip_Clock_DisableMainPLL
                0x14000590       0x10 C:\Users\emh203\Documents\GitHub\hc-1\SRC\LPC-LINK-2\COMMON\lpc_chip_43xx\Debug\liblpc_chip_43xx.a(clock_18xx_43xx.o)
                0x14000590                Chip_Clock_DisableMainPLL
 .text.Chip_Clock_SetDivider
                0x140005a0       0x54 C:\Users\emh203\Documents\GitHub\hc-1\SRC\LPC-LINK-2\COMMON\lpc_chip_43xx\Debug\liblpc_chip_43xx.a(clock_18xx_43xx.o)
                0x140005a0                Chip_Clock_SetDivider
 .text.Chip_Clock_GetDividerSource
                0x140005f4       0x1c C:\Users\emh203\Documents\GitHub\hc-1\SRC\LPC-LINK-2\COMMON\lpc_chip_43xx\Debug\liblpc_chip_43xx.a(clock_18xx_43xx.o)
                0x140005f4                Chip_Clock_GetDividerSource
 .text.Chip_Clock_GetDividerDivisor
                0x14000610       0x1c C:\Users\emh203\Documents\GitHub\hc-1\SRC\LPC-LINK-2\COMMON\lpc_chip_43xx\Debug\liblpc_chip_43xx.a(clock_18xx_43xx.o)
                0x14000610                Chip_Clock_GetDividerDivisor
 .text.Chip_Clock_GetClockInputHz
                0x1400062c       0xb8 C:\Users\emh203\Documents\GitHub\hc-1\SRC\LPC-LINK-2\COMMON\lpc_chip_43xx\Debug\liblpc_chip_43xx.a(clock_18xx_43xx.o)
                0x1400062c                Chip_Clock_GetClockInputHz
 .text.Chip_Clock_SetupMainPLLMult
                0x140006e4       0x94 C:\Users\emh203\Documents\GitHub\hc-1\SRC\LPC-LINK-2\COMMON\lpc_chip_43xx\Debug\liblpc_chip_43xx.a(clock_18xx_43xx.o)
                0x140006e4                Chip_Clock_SetupMainPLLMult
 .text.Chip_Clock_SetupMainPLLHz
                0x14000778       0xac C:\Users\emh203\Documents\GitHub\hc-1\SRC\LPC-LINK-2\COMMON\lpc_chip_43xx\Debug\liblpc_chip_43xx.a(clock_18xx_43xx.o)
                0x14000778                Chip_Clock_SetupMainPLLHz
 .text.Chip_Clock_GetMainPLLHz
                0x14000824       0x68 C:\Users\emh203\Documents\GitHub\hc-1\SRC\LPC-LINK-2\COMMON\lpc_chip_43xx\Debug\liblpc_chip_43xx.a(clock_18xx_43xx.o)
                0x14000824                Chip_Clock_GetMainPLLHz
 .text.Chip_Clock_GetDivRate
                0x1400088c       0x24 C:\Users\emh203\Documents\GitHub\hc-1\SRC\LPC-LINK-2\COMMON\lpc_chip_43xx\Debug\liblpc_chip_43xx.a(clock_18xx_43xx.o)
 .text.Chip_Clock_SetBaseClock
                0x140008b0       0x44 C:\Users\emh203\Documents\GitHub\hc-1\SRC\LPC-LINK-2\COMMON\lpc_chip_43xx\Debug\liblpc_chip_43xx.a(clock_18xx_43xx.o)
                0x140008b0                Chip_Clock_SetBaseClock
 .text.Chip_Clock_GetBaseClock
                0x140008f4       0x24 C:\Users\emh203\Documents\GitHub\hc-1\SRC\LPC-LINK-2\COMMON\lpc_chip_43xx\Debug\liblpc_chip_43xx.a(clock_18xx_43xx.o)
                0x140008f4                Chip_Clock_GetBaseClock
 .text.Chip_Clock_GetBaseClocktHz
                0x14000918        0xc C:\Users\emh203\Documents\GitHub\hc-1\SRC\LPC-LINK-2\COMMON\lpc_chip_43xx\Debug\liblpc_chip_43xx.a(clock_18xx_43xx.o)
                0x14000918                Chip_Clock_GetBaseClocktHz
 .text.Chip_Clock_EnableOpts
                0x14000924       0x34 C:\Users\emh203\Documents\GitHub\hc-1\SRC\LPC-LINK-2\COMMON\lpc_chip_43xx\Debug\liblpc_chip_43xx.a(clock_18xx_43xx.o)
                0x14000924                Chip_Clock_EnableOpts
 .text.Chip_Clock_GetRate
                0x14000958       0x44 C:\Users\emh203\Documents\GitHub\hc-1\SRC\LPC-LINK-2\COMMON\lpc_chip_43xx\Debug\liblpc_chip_43xx.a(clock_18xx_43xx.o)
                0x14000958                Chip_Clock_GetRate
 .text.fpuInit  0x1400099c       0x58 C:\Users\emh203\Documents\GitHub\hc-1\SRC\LPC-LINK-2\COMMON\lpc_chip_43xx\Debug\liblpc_chip_43xx.a(fpu_init.o)
                0x1400099c                fpuInit
 .text.Chip_GPIO_Init
                0x140009f4        0x4 C:\Users\emh203\Documents\GitHub\hc-1\SRC\LPC-LINK-2\COMMON\lpc_chip_43xx\Debug\liblpc_chip_43xx.a(gpio_18xx_43xx.o)
                0x140009f4                Chip_GPIO_Init
 .text.Chip_SetupCoreClock
                0x140009f8       0x7c C:\Users\emh203\Documents\GitHub\hc-1\SRC\LPC-LINK-2\COMMON\lpc_chip_43xx\Debug\liblpc_chip_43xx.a(sysinit_18xx_43xx.o)
                0x140009f8                Chip_SetupCoreClock
 .text.Chip_UART_GetClockIndex
                0x14000a74       0x28 C:\Users\emh203\Documents\GitHub\hc-1\SRC\LPC-LINK-2\COMMON\lpc_chip_43xx\Debug\liblpc_chip_43xx.a(uart_18xx_43xx.o)
 .text.Chip_UART_Init
                0x14000a9c       0x40 C:\Users\emh203\Documents\GitHub\hc-1\SRC\LPC-LINK-2\COMMON\lpc_chip_43xx\Debug\liblpc_chip_43xx.a(uart_18xx_43xx.o)
                0x14000a9c                Chip_UART_Init
 .text.Chip_UART_SetBaud
                0x14000adc       0x34 C:\Users\emh203\Documents\GitHub\hc-1\SRC\LPC-LINK-2\COMMON\lpc_chip_43xx\Debug\liblpc_chip_43xx.a(uart_18xx_43xx.o)
                0x14000adc                Chip_UART_SetBaud
 .text.__main   0x14000b10       0x14 c:/nxp/lpcxpresso_7.2.0_153/lpcxpresso/tools/bin/../lib/gcc/arm-none-eabi/4.8.3/../../../../arm-none-eabi/lib/armv7e-m/softfp\libcr_nohost.a(_cr__main.o)
                0x14000b10                __main
 .text._initio  0x14000b24       0xa4 c:/nxp/lpcxpresso_7.2.0_153/lpcxpresso/tools/bin/../lib/gcc/arm-none-eabi/4.8.3/../../../../arm-none-eabi/lib/armv7e-m/softfp\libcr_c.a(initio.o)
                0x14000b24                _initio
 .text.setvbuf  0x14000bc8       0x40 c:/nxp/lpcxpresso_7.2.0_153/lpcxpresso/tools/bin/../lib/gcc/arm-none-eabi/4.8.3/../../../../arm-none-eabi/lib/armv7e-m/softfp\libcr_c.a(setvbuf.o)
                0x14000bc8                setvbuf
 .text.memset   0x14000c08        0x4 c:/nxp/lpcxpresso_7.2.0_153/lpcxpresso/tools/bin/../lib/gcc/arm-none-eabi/4.8.3/../../../../arm-none-eabi/lib/armv7e-m/softfp\libcr_c.a(memset.o)
                0x14000c08                memset
 .text._deferredlazyseek
                0x14000c0c       0x44 c:/nxp/lpcxpresso_7.2.0_153/lpcxpresso/tools/bin/../lib/gcc/arm-none-eabi/4.8.3/../../../../arm-none-eabi/lib/armv7e-m/softfp\libcr_c.a(_deferredlazyseek.o)
                0x14000c0c                _deferredlazyseek
 .text._fdopen  0x14000c50       0x6a c:/nxp/lpcxpresso_7.2.0_153/lpcxpresso/tools/bin/../lib/gcc/arm-none-eabi/4.8.3/../../../../arm-none-eabi/lib/armv7e-m/softfp\libcr_c.a(_fdopen.o)
                0x14000c50                _fdopen
 .text._fflush  0x14000cba       0x58 c:/nxp/lpcxpresso_7.2.0_153/lpcxpresso/tools/bin/../lib/gcc/arm-none-eabi/4.8.3/../../../../arm-none-eabi/lib/armv7e-m/softfp\libcr_c.a(_fflush.o)
                0x14000cba                _fflush
 *fill*         0x14000d12        0x2 
 .text._Cwritebuf
                0x14000d14       0x70 c:/nxp/lpcxpresso_7.2.0_153/lpcxpresso/tools/bin/../lib/gcc/arm-none-eabi/4.8.3/../../../../arm-none-eabi/lib/armv7e-m/softfp\libcr_c.a(_writebuf.o)
                0x14000d14                _Cwritebuf
 .text.malloc   0x14000d84       0xc4 c:/nxp/lpcxpresso_7.2.0_153/lpcxpresso/tools/bin/../lib/gcc/arm-none-eabi/4.8.3/../../../../arm-none-eabi/lib/armv7e-m/softfp\libcr_c.a(alloc.o)
                0x14000d84                malloc
 .text.free     0x14000e48        0xc c:/nxp/lpcxpresso_7.2.0_153/lpcxpresso/tools/bin/../lib/gcc/arm-none-eabi/4.8.3/../../../../arm-none-eabi/lib/armv7e-m/softfp\libcr_c.a(alloc.o)
                0x14000e48                free
 .text._Csys_alloc
                0x14000e54       0x20 c:/nxp/lpcxpresso_7.2.0_153/lpcxpresso/tools/bin/../lib/gcc/arm-none-eabi/4.8.3/../../../../arm-none-eabi/lib/armv7e-m/softfp\libcr_c.a(alloc.o)
                0x14000e54                _Csys_alloc
 .text.fclose   0x14000e74       0x6c c:/nxp/lpcxpresso_7.2.0_153/lpcxpresso/tools/bin/../lib/gcc/arm-none-eabi/4.8.3/../../../../arm-none-eabi/lib/armv7e-m/softfp\libcr_c.a(fclose.o)
                0x14000e74                fclose
 .text.fflush   0x14000ee0       0x30 c:/nxp/lpcxpresso_7.2.0_153/lpcxpresso/tools/bin/../lib/gcc/arm-none-eabi/4.8.3/../../../../arm-none-eabi/lib/armv7e-m/softfp\libcr_c.a(fflush.o)
                0x14000ee0                fflush
 .text.fseek    0x14000f10      0x10c c:/nxp/lpcxpresso_7.2.0_153/lpcxpresso/tools/bin/../lib/gcc/arm-none-eabi/4.8.3/../../../../arm-none-eabi/lib/armv7e-m/softfp\libcr_c.a(fseek.o)
                0x14000f10                fseek
 .text.ftell    0x1400101c       0x4c c:/nxp/lpcxpresso_7.2.0_153/lpcxpresso/tools/bin/../lib/gcc/arm-none-eabi/4.8.3/../../../../arm-none-eabi/lib/armv7e-m/softfp\libcr_c.a(ftell.o)
                0x1400101c                ftell
 .text.remove   0x14001068       0x14 c:/nxp/lpcxpresso_7.2.0_153/lpcxpresso/tools/bin/../lib/gcc/arm-none-eabi/4.8.3/../../../../arm-none-eabi/lib/armv7e-m/softfp\libcr_c.a(remove.o)
                0x14001068                remove
 .text.strlen   0x1400107c       0x4a c:/nxp/lpcxpresso_7.2.0_153/lpcxpresso/tools/bin/../lib/gcc/arm-none-eabi/4.8.3/../../../../arm-none-eabi/lib/armv7e-m/softfp\libcr_c.a(strlen.o)
                0x1400107c                strlen
 *fill*         0x140010c6        0x2 
 .text._sbrk    0x140010c8       0x40 c:/nxp/lpcxpresso_7.2.0_153/lpcxpresso/tools/bin/../lib/gcc/arm-none-eabi/4.8.3/../../../../arm-none-eabi/lib/armv7e-m/softfp\libcr_c.a(_cr_sbrk.o)
                0x140010c8                _sbrk
 .text._do_fflush
                0x14001108       0x44 c:/nxp/lpcxpresso_7.2.0_153/lpcxpresso/tools/bin/../lib/gcc/arm-none-eabi/4.8.3/../../../../arm-none-eabi/lib/armv7e-m/softfp\libcr_c.a(_do_fflush.o)
                0x14001108                _do_fflush
 .text.__check_heap_overflow
                0x1400114c       0x2c c:/nxp/lpcxpresso_7.2.0_153/lpcxpresso/tools/bin/../lib/gcc/arm-none-eabi/4.8.3/../../../../arm-none-eabi/lib/armv7e-m/softfp\libcr_c.a(_cr_check_heap.o)
                0x1400114c                __check_heap_overflow
 .text.__aeabi_memset_lowlevel
                0x14001178       0x2c c:/nxp/lpcxpresso_7.2.0_153/lpcxpresso/tools/bin/../lib/gcc/arm-none-eabi/4.8.3/armv7e-m/softfp\libcr_eabihelpers.a(memcpy.o)
                0x14001178                __aeabi_lowlevel_memset
 .text.__sys_appexit
                0x140011a4        0x2 c:/nxp/lpcxpresso_7.2.0_153/lpcxpresso/tools/bin/../lib/gcc/arm-none-eabi/4.8.3/../../../../arm-none-eabi/lib/armv7e-m/softfp\libcr_nohost.a(__sys_appexit.o)
                0x140011a4                __sys_appexit
                0x140011a4                __exit
 .text.__sys_close
                0x140011a6        0x6 c:/nxp/lpcxpresso_7.2.0_153/lpcxpresso/tools/bin/../lib/gcc/arm-none-eabi/4.8.3/../../../../arm-none-eabi/lib/armv7e-m/softfp\libcr_nohost.a(__sys_close.o)
                0x140011a6                __sys_close
 .text.__sys_flen
                0x140011ac        0x6 c:/nxp/lpcxpresso_7.2.0_153/lpcxpresso/tools/bin/../lib/gcc/arm-none-eabi/4.8.3/../../../../arm-none-eabi/lib/armv7e-m/softfp\libcr_nohost.a(__sys_flen.o)
                0x140011ac                __sys_flen
 .text.__sys_istty
                0x140011b2        0x6 c:/nxp/lpcxpresso_7.2.0_153/lpcxpresso/tools/bin/../lib/gcc/arm-none-eabi/4.8.3/../../../../arm-none-eabi/lib/armv7e-m/softfp\libcr_nohost.a(__sys_istty.o)
                0x140011b2                __sys_istty
 .text.__sys_remove
                0x140011b8        0x6 c:/nxp/lpcxpresso_7.2.0_153/lpcxpresso/tools/bin/../lib/gcc/arm-none-eabi/4.8.3/../../../../arm-none-eabi/lib/armv7e-m/softfp\libcr_nohost.a(__sys_remove.o)
                0x140011b8                __sys_remove
 .text.__sys_seek
                0x140011be        0x6 c:/nxp/lpcxpresso_7.2.0_153/lpcxpresso/tools/bin/../lib/gcc/arm-none-eabi/4.8.3/../../../../arm-none-eabi/lib/armv7e-m/softfp\libcr_nohost.a(__sys_seek.o)
                0x140011be                __sys_seek
 .text.__sys_tmpnam
                0x140011c4        0x6 c:/nxp/lpcxpresso_7.2.0_153/lpcxpresso/tools/bin/../lib/gcc/arm-none-eabi/4.8.3/../../../../arm-none-eabi/lib/armv7e-m/softfp\libcr_nohost.a(__sys_tmpnam.o)
                0x140011c4                __sys_tmpnam
 *(.rodata .rodata.* .constdata .constdata.*)
 *fill*         0x140011ca        0x2 
 .rodata.OscRateIn
                0x140011cc        0x4 C:\Users\emh203\Documents\GitHub\hc-1\SRC\LPC-LINK-2\COMMON\lpc_board_nxp_lpclink2_4370\Debug\liblpc_board_nxp_lpclink2_4370.a(board.o)
                0x140011cc                OscRateIn
 .rodata.ExtRateIn
                0x140011d0        0x4 C:\Users\emh203\Documents\GitHub\hc-1\SRC\LPC-LINK-2\COMMON\lpc_board_nxp_lpclink2_4370\Debug\liblpc_board_nxp_lpclink2_4370.a(board.o)
                0x140011d0                ExtRateIn
 .rodata.InitClkStates
                0x140011d4       0x10 C:\Users\emh203\Documents\GitHub\hc-1\SRC\LPC-LINK-2\COMMON\lpc_board_nxp_lpclink2_4370\Debug\liblpc_board_nxp_lpclink2_4370.a(board_sysinit.o)
 .rodata.pinmuxing
                0x140011e4        0x4 C:\Users\emh203\Documents\GitHub\hc-1\SRC\LPC-LINK-2\COMMON\lpc_board_nxp_lpclink2_4370\Debug\liblpc_board_nxp_lpclink2_4370.a(board_sysinit.o)
 .rodata.spifipinmuxing
                0x140011e8       0x18 C:\Users\emh203\Documents\GitHub\hc-1\SRC\LPC-LINK-2\COMMON\lpc_board_nxp_lpclink2_4370\Debug\liblpc_board_nxp_lpclink2_4370.a(board_sysinit.o)
 .rodata        0x14001200        0x4 C:\Users\emh203\Documents\GitHub\hc-1\SRC\LPC-LINK-2\COMMON\lpc_chip_43xx\Debug\liblpc_chip_43xx.a(clock_18xx_43xx.o)
 .rodata.str1.4
                0x14001204        0x8 C:\Users\emh203\Documents\GitHub\hc-1\SRC\LPC-LINK-2\COMMON\lpc_chip_43xx\Debug\liblpc_chip_43xx.a(clock_18xx_43xx.o)
 .rodata.periph_to_base
                0x1400120c       0x6c C:\Users\emh203\Documents\GitHub\hc-1\SRC\LPC-LINK-2\COMMON\lpc_chip_43xx\Debug\liblpc_chip_43xx.a(clock_18xx_43xx.o)
 .rodata.InitClkStates
                0x14001278       0x48 C:\Users\emh203\Documents\GitHub\hc-1\SRC\LPC-LINK-2\COMMON\lpc_chip_43xx\Debug\liblpc_chip_43xx.a(sysinit_18xx_43xx.o)
 .rodata.str1.1
                0x140012c0        0x4 c:/nxp/lpcxpresso_7.2.0_153/lpcxpresso/tools/bin/../lib/gcc/arm-none-eabi/4.8.3/../../../../arm-none-eabi/lib/armv7e-m/softfp\libcr_c.a(initio.o)
 .rodata.str1.1
                0x140012c4       0x18 c:/nxp/lpcxpresso_7.2.0_153/lpcxpresso/tools/bin/../lib/gcc/arm-none-eabi/4.8.3/../../../../arm-none-eabi/lib/armv7e-m/softfp\libcr_c.a(alloc.o)
                0x140012dc                . = ALIGN (0x4)

.glue_7         0x140012dc        0x0
 .glue_7        0x00000000        0x0 linker stubs

.glue_7t        0x140012dc        0x0
 .glue_7t       0x00000000        0x0 linker stubs

.vfp11_veneer   0x140012dc        0x0
 .vfp11_veneer  0x00000000        0x0 linker stubs

.v4_bx          0x140012dc        0x0
 .v4_bx         0x00000000        0x0 linker stubs

.iplt           0x140012dc        0x0
 .iplt          0x00000000        0x0 ./example/src/cr_startup_lpc43xx.o

.rel.dyn        0x140012dc        0x0
 .rel.iplt      0x00000000        0x0 ./example/src/cr_startup_lpc43xx.o

.ARM.extab
 *(.ARM.extab* .gnu.linkonce.armextab.*)
                0x140012dc                __exidx_start = .

.ARM.exidx
 *(.ARM.exidx* .gnu.linkonce.armexidx.*)
                0x140012dc                __exidx_end = .
                0x140012dc                _etext = .

.data_RAM2      0x10080000        0x0 load address 0x140012dc
 FILL mask 0xff
 *(.ramfunc.$RAM2)
 *(.ramfunc.$RamLoc72)
 *(.data.$RAM2*)
 *(.data.$RamLoc72*)
                0x10080000                . = ALIGN (0x4)

.data_RAM3      0x20000000        0x0 load address 0x140012dc
 FILL mask 0xff
 *(.ramfunc.$RAM3)
 *(.ramfunc.$RamAHB32)
 *(.data.$RAM3*)
 *(.data.$RamAHB32*)
                0x20000000                . = ALIGN (0x4)

.data_RAM4      0x20008000        0x0 load address 0x140012dc
 FILL mask 0xff
 *(.ramfunc.$RAM4)
 *(.ramfunc.$RamAHB16)
 *(.data.$RAM4*)
 *(.data.$RamAHB16*)
                0x20008000                . = ALIGN (0x4)

.data_RAM5      0x2000c000        0x0 load address 0x140012dc
 FILL mask 0xff
 *(.ramfunc.$RAM5)
 *(.ramfunc.$RamAHB_ETB16)
 *(.data.$RAM5*)
 *(.data.$RamAHB_ETB16*)
                0x2000c000                . = ALIGN (0x4)

.data_RAM6      0x18000000        0x0 load address 0x140012dc
 FILL mask 0xff
 *(.ramfunc.$RAM6)
 *(.ramfunc.$RamM0Sub16)
 *(.data.$RAM6*)
 *(.data.$RamM0Sub16*)
                0x18000000                . = ALIGN (0x4)

.data_RAM7      0x18004000        0x0 load address 0x140012dc
 FILL mask 0xff
 *(.ramfunc.$RAM7)
 *(.ramfunc.$RamM0Sub2)
 *(.data.$RAM7*)
 *(.data.$RamM0Sub2*)
                0x18004000                . = ALIGN (0x4)

.uninit_RESERVED
                0x10000000        0x0
 *(.bss.$RESERVED*)
                0x10000000                . = ALIGN (0x4)
                0x10000000                _end_uninit_RESERVED = .

.data           0x10000000        0x0 load address 0x140012dc
 FILL mask 0xff
                0x10000000                _data = .
 *(vtable)
 *(.ramfunc*)
 *(.data*)
                0x10000000                . = ALIGN (0x4)
                0x10000000                _edata = .

.igot.plt       0x10000000        0x0 load address 0x140012dc
 .igot.plt      0x00000000        0x0 ./example/src/cr_startup_lpc43xx.o

.bss_RAM2       0x10080000        0x0
 *(.bss.$RAM2*)
 *(.bss.$RamLoc72*)
                0x10080000                . = ALIGN (0x4)

.bss_RAM3       0x20000000        0x0
 *(.bss.$RAM3*)
 *(.bss.$RamAHB32*)
                0x20000000                . = ALIGN (0x4)

.bss_RAM4       0x20008000        0x0
 *(.bss.$RAM4*)
 *(.bss.$RamAHB16*)
                0x20008000                . = ALIGN (0x4)

.bss_RAM5       0x2000c000        0x0
 *(.bss.$RAM5*)
 *(.bss.$RamAHB_ETB16*)
                0x2000c000                . = ALIGN (0x4)

.bss_RAM6       0x18000000        0x0
 *(.bss.$RAM6*)
 *(.bss.$RamM0Sub16*)
                0x18000000                . = ALIGN (0x4)

.bss_RAM7       0x18004000        0x0
 *(.bss.$RAM7*)
 *(.bss.$RamM0Sub2*)
                0x18004000                . = ALIGN (0x4)

.bss            0x10000000      0x160
                0x10000000                _bss = .
 *(.bss*)
 .bss.x.8986    0x10000000        0x4 ./example/src/systick.o
 .bss.audio_usb_pll_freq
                0x10000004        0x8 C:\Users\emh203\Documents\GitHub\hc-1\SRC\LPC-LINK-2\COMMON\lpc_chip_43xx\Debug\liblpc_chip_43xx.a(clock_18xx_43xx.o)
 .bss.errno     0x1000000c        0x4 c:/nxp/lpcxpresso_7.2.0_153/lpcxpresso/tools/bin/../lib/gcc/arm-none-eabi/4.8.3/../../../../arm-none-eabi/lib/armv7e-m/softfp\libcr_c.a(errno.o)
                0x1000000c                errno
 *(COMMON)
 COMMON         0x10000010        0x4 C:\Users\emh203\Documents\GitHub\hc-1\SRC\LPC-LINK-2\COMMON\lpc_chip_43xx\Debug\liblpc_chip_43xx.a(chip_18xx_43xx.o)
                0x10000010                SystemCoreClock
 COMMON         0x10000014        0x4 c:/nxp/lpcxpresso_7.2.0_153/lpcxpresso/tools/bin/../lib/gcc/arm-none-eabi/4.8.3/../../../../arm-none-eabi/lib/armv7e-m/softfp\libcr_c.a(initio.o)
                0x10000014                _extra
 COMMON         0x10000018      0x140 c:/nxp/lpcxpresso_7.2.0_153/lpcxpresso/tools/bin/../lib/gcc/arm-none-eabi/4.8.3/../../../../arm-none-eabi/lib/armv7e-m/softfp\libcr_c.a(stdio.o)
                0x10000018                __Ciob
 COMMON         0x10000158        0x8 c:/nxp/lpcxpresso_7.2.0_153/lpcxpresso/tools/bin/../lib/gcc/arm-none-eabi/4.8.3/../../../../arm-none-eabi/lib/armv7e-m/softfp\libcr_c.a(__init_alloc.o)
                0x10000158                __heaps
                0x1000015c                __end_of_heap
                0x10000160                . = ALIGN (0x4)
                0x10000160                _ebss = .
                0x10000160                PROVIDE (end, .)

.noinit_RAM2    0x10080000        0x0
 *(.noinit.$RAM2*)
 *(.noinit.$RamLoc72*)
                0x10080000                . = ALIGN (0x4)

.noinit_RAM3    0x20000000        0x0
 *(.noinit.$RAM3*)
 *(.noinit.$RamAHB32*)
                0x20000000                . = ALIGN (0x4)

.noinit_RAM4    0x20008000        0x0
 *(.noinit.$RAM4*)
 *(.noinit.$RamAHB16*)
                0x20008000                . = ALIGN (0x4)

.noinit_RAM5    0x2000c000        0x0
 *(.noinit.$RAM5*)
 *(.noinit.$RamAHB_ETB16*)
                0x2000c000                . = ALIGN (0x4)

.noinit_RAM6    0x18000000        0x0
 *(.noinit.$RAM6*)
 *(.noinit.$RamM0Sub16*)
                0x18000000                . = ALIGN (0x4)

.noinit_RAM7    0x18004000        0x0
 *(.noinit.$RAM7*)
 *(.noinit.$RamM0Sub2*)
                0x18004000                . = ALIGN (0x4)

.noinit         0x10000160        0x0
                0x10000160                _noinit = .
 *(.noinit*)
                0x10000160                . = ALIGN (0x4)
                0x10000160                _end_noinit = .
                0x10000160                PROVIDE (_pvHeapStart, .)
                0x10020000                PROVIDE (_vStackTop, (__top_RamLoc128 - 0x0))
OUTPUT(periph_blinky.axf elf32-littlearm)

.debug_info     0x00000000     0x7140
 .debug_info    0x00000000      0x2d2 ./example/src/cr_startup_lpc43xx.o
 .debug_info    0x000002d2      0x10c ./example/src/sysinit.o
 .debug_info    0x000003de      0x692 ./example/src/systick.o
 .debug_info    0x00000a70     0x12eb C:\Users\emh203\Documents\GitHub\hc-1\SRC\LPC-LINK-2\COMMON\lpc_board_nxp_lpclink2_4370\Debug\liblpc_board_nxp_lpclink2_4370.a(board.o)
 .debug_info    0x00001d5b      0xd13 C:\Users\emh203\Documents\GitHub\hc-1\SRC\LPC-LINK-2\COMMON\lpc_board_nxp_lpclink2_4370\Debug\liblpc_board_nxp_lpclink2_4370.a(board_sysinit.o)
 .debug_info    0x00002a6e      0xcb6 C:\Users\emh203\Documents\GitHub\hc-1\SRC\LPC-LINK-2\COMMON\lpc_chip_43xx\Debug\liblpc_chip_43xx.a(chip_18xx_43xx.o)
 .debug_info    0x00003724     0x15d4 C:\Users\emh203\Documents\GitHub\hc-1\SRC\LPC-LINK-2\COMMON\lpc_chip_43xx\Debug\liblpc_chip_43xx.a(clock_18xx_43xx.o)
 .debug_info    0x00004cf8      0x12f C:\Users\emh203\Documents\GitHub\hc-1\SRC\LPC-LINK-2\COMMON\lpc_chip_43xx\Debug\liblpc_chip_43xx.a(fpu_init.o)
 .debug_info    0x00004e27      0x49b C:\Users\emh203\Documents\GitHub\hc-1\SRC\LPC-LINK-2\COMMON\lpc_chip_43xx\Debug\liblpc_chip_43xx.a(gpio_18xx_43xx.o)
 .debug_info    0x000052c2      0x858 C:\Users\emh203\Documents\GitHub\hc-1\SRC\LPC-LINK-2\COMMON\lpc_chip_43xx\Debug\liblpc_chip_43xx.a(sysinit_18xx_43xx.o)
 .debug_info    0x00005b1a     0x1626 C:\Users\emh203\Documents\GitHub\hc-1\SRC\LPC-LINK-2\COMMON\lpc_chip_43xx\Debug\liblpc_chip_43xx.a(uart_18xx_43xx.o)

.debug_abbrev   0x00000000     0x1579
 .debug_abbrev  0x00000000      0x10d ./example/src/cr_startup_lpc43xx.o
 .debug_abbrev  0x0000010d       0xb8 ./example/src/sysinit.o
 .debug_abbrev  0x000001c5      0x208 ./example/src/systick.o
 .debug_abbrev  0x000003cd      0x360 C:\Users\emh203\Documents\GitHub\hc-1\SRC\LPC-LINK-2\COMMON\lpc_board_nxp_lpclink2_4370\Debug\liblpc_board_nxp_lpclink2_4370.a(board.o)
 .debug_abbrev  0x0000072d      0x225 C:\Users\emh203\Documents\GitHub\hc-1\SRC\LPC-LINK-2\COMMON\lpc_board_nxp_lpclink2_4370\Debug\liblpc_board_nxp_lpclink2_4370.a(board_sysinit.o)
 .debug_abbrev  0x00000952      0x1f6 C:\Users\emh203\Documents\GitHub\hc-1\SRC\LPC-LINK-2\COMMON\lpc_chip_43xx\Debug\liblpc_chip_43xx.a(chip_18xx_43xx.o)
 .debug_abbrev  0x00000b48      0x2e5 C:\Users\emh203\Documents\GitHub\hc-1\SRC\LPC-LINK-2\COMMON\lpc_chip_43xx\Debug\liblpc_chip_43xx.a(clock_18xx_43xx.o)
 .debug_abbrev  0x00000e2d       0xa2 C:\Users\emh203\Documents\GitHub\hc-1\SRC\LPC-LINK-2\COMMON\lpc_chip_43xx\Debug\liblpc_chip_43xx.a(fpu_init.o)
 .debug_abbrev  0x00000ecf      0x14b C:\Users\emh203\Documents\GitHub\hc-1\SRC\LPC-LINK-2\COMMON\lpc_chip_43xx\Debug\liblpc_chip_43xx.a(gpio_18xx_43xx.o)
 .debug_abbrev  0x0000101a      0x182 C:\Users\emh203\Documents\GitHub\hc-1\SRC\LPC-LINK-2\COMMON\lpc_chip_43xx\Debug\liblpc_chip_43xx.a(sysinit_18xx_43xx.o)
 .debug_abbrev  0x0000119c      0x3dd C:\Users\emh203\Documents\GitHub\hc-1\SRC\LPC-LINK-2\COMMON\lpc_chip_43xx\Debug\liblpc_chip_43xx.a(uart_18xx_43xx.o)

.debug_loc      0x00000000     0x25c1
 .debug_loc     0x00000000      0x1f0 ./example/src/cr_startup_lpc43xx.o
 .debug_loc     0x000001f0       0x59 ./example/src/systick.o
 .debug_loc     0x00000249      0x39a C:\Users\emh203\Documents\GitHub\hc-1\SRC\LPC-LINK-2\COMMON\lpc_board_nxp_lpclink2_4370\Debug\liblpc_board_nxp_lpclink2_4370.a(board.o)
 .debug_loc     0x000005e3      0x166 C:\Users\emh203\Documents\GitHub\hc-1\SRC\LPC-LINK-2\COMMON\lpc_board_nxp_lpclink2_4370\Debug\liblpc_board_nxp_lpclink2_4370.a(board_sysinit.o)
 .debug_loc     0x00000749      0xee3 C:\Users\emh203\Documents\GitHub\hc-1\SRC\LPC-LINK-2\COMMON\lpc_chip_43xx\Debug\liblpc_chip_43xx.a(clock_18xx_43xx.o)
 .debug_loc     0x0000162c       0x1f C:\Users\emh203\Documents\GitHub\hc-1\SRC\LPC-LINK-2\COMMON\lpc_chip_43xx\Debug\liblpc_chip_43xx.a(fpu_init.o)
 .debug_loc     0x0000164b      0x3cf C:\Users\emh203\Documents\GitHub\hc-1\SRC\LPC-LINK-2\COMMON\lpc_chip_43xx\Debug\liblpc_chip_43xx.a(gpio_18xx_43xx.o)
 .debug_loc     0x00001a1a       0xa5 C:\Users\emh203\Documents\GitHub\hc-1\SRC\LPC-LINK-2\COMMON\lpc_chip_43xx\Debug\liblpc_chip_43xx.a(sysinit_18xx_43xx.o)
 .debug_loc     0x00001abf      0xb02 C:\Users\emh203\Documents\GitHub\hc-1\SRC\LPC-LINK-2\COMMON\lpc_chip_43xx\Debug\liblpc_chip_43xx.a(uart_18xx_43xx.o)

.debug_aranges  0x00000000      0x458
 .debug_aranges
                0x00000000       0x80 ./example/src/cr_startup_lpc43xx.o
 .debug_aranges
                0x00000080       0x20 ./example/src/sysinit.o
 .debug_aranges
                0x000000a0       0x28 ./example/src/systick.o
 .debug_aranges
                0x000000c8       0xb8 C:\Users\emh203\Documents\GitHub\hc-1\SRC\LPC-LINK-2\COMMON\lpc_board_nxp_lpclink2_4370\Debug\liblpc_board_nxp_lpclink2_4370.a(board.o)
 .debug_aranges
                0x00000180       0x30 C:\Users\emh203\Documents\GitHub\hc-1\SRC\LPC-LINK-2\COMMON\lpc_board_nxp_lpclink2_4370\Debug\liblpc_board_nxp_lpclink2_4370.a(board_sysinit.o)
 .debug_aranges
                0x000001b0       0x38 C:\Users\emh203\Documents\GitHub\hc-1\SRC\LPC-LINK-2\COMMON\lpc_chip_43xx\Debug\liblpc_chip_43xx.a(chip_18xx_43xx.o)
 .debug_aranges
                0x000001e8      0x128 C:\Users\emh203\Documents\GitHub\hc-1\SRC\LPC-LINK-2\COMMON\lpc_chip_43xx\Debug\liblpc_chip_43xx.a(clock_18xx_43xx.o)
 .debug_aranges
                0x00000310       0x20 C:\Users\emh203\Documents\GitHub\hc-1\SRC\LPC-LINK-2\COMMON\lpc_chip_43xx\Debug\liblpc_chip_43xx.a(fpu_init.o)
 .debug_aranges
                0x00000330       0x48 C:\Users\emh203\Documents\GitHub\hc-1\SRC\LPC-LINK-2\COMMON\lpc_chip_43xx\Debug\liblpc_chip_43xx.a(gpio_18xx_43xx.o)
 .debug_aranges
                0x00000378       0x38 C:\Users\emh203\Documents\GitHub\hc-1\SRC\LPC-LINK-2\COMMON\lpc_chip_43xx\Debug\liblpc_chip_43xx.a(sysinit_18xx_43xx.o)
 .debug_aranges
                0x000003b0       0xa8 C:\Users\emh203\Documents\GitHub\hc-1\SRC\LPC-LINK-2\COMMON\lpc_chip_43xx\Debug\liblpc_chip_43xx.a(uart_18xx_43xx.o)

.debug_ranges   0x00000000      0x3f8
 .debug_ranges  0x00000000       0x70 ./example/src/cr_startup_lpc43xx.o
 .debug_ranges  0x00000070       0x10 ./example/src/sysinit.o
 .debug_ranges  0x00000080       0x18 ./example/src/systick.o
 .debug_ranges  0x00000098       0xa8 C:\Users\emh203\Documents\GitHub\hc-1\SRC\LPC-LINK-2\COMMON\lpc_board_nxp_lpclink2_4370\Debug\liblpc_board_nxp_lpclink2_4370.a(board.o)
 .debug_ranges  0x00000140       0x50 C:\Users\emh203\Documents\GitHub\hc-1\SRC\LPC-LINK-2\COMMON\lpc_board_nxp_lpclink2_4370\Debug\liblpc_board_nxp_lpclink2_4370.a(board_sysinit.o)
 .debug_ranges  0x00000190       0x28 C:\Users\emh203\Documents\GitHub\hc-1\SRC\LPC-LINK-2\COMMON\lpc_chip_43xx\Debug\liblpc_chip_43xx.a(chip_18xx_43xx.o)
 .debug_ranges  0x000001b8      0x118 C:\Users\emh203\Documents\GitHub\hc-1\SRC\LPC-LINK-2\COMMON\lpc_chip_43xx\Debug\liblpc_chip_43xx.a(clock_18xx_43xx.o)
 .debug_ranges  0x000002d0       0x10 C:\Users\emh203\Documents\GitHub\hc-1\SRC\LPC-LINK-2\COMMON\lpc_chip_43xx\Debug\liblpc_chip_43xx.a(fpu_init.o)
 .debug_ranges  0x000002e0       0x38 C:\Users\emh203\Documents\GitHub\hc-1\SRC\LPC-LINK-2\COMMON\lpc_chip_43xx\Debug\liblpc_chip_43xx.a(gpio_18xx_43xx.o)
 .debug_ranges  0x00000318       0x28 C:\Users\emh203\Documents\GitHub\hc-1\SRC\LPC-LINK-2\COMMON\lpc_chip_43xx\Debug\liblpc_chip_43xx.a(sysinit_18xx_43xx.o)
 .debug_ranges  0x00000340       0xb8 C:\Users\emh203\Documents\GitHub\hc-1\SRC\LPC-LINK-2\COMMON\lpc_chip_43xx\Debug\liblpc_chip_43xx.a(uart_18xx_43xx.o)

.debug_macro    0x00000000     0x695d
 .debug_macro   0x00000000       0x1d ./example/src/cr_startup_lpc43xx.o
 .debug_macro   0x0000001d      0x86e ./example/src/cr_startup_lpc43xx.o
 .debug_macro   0x0000088b      0x306 ./example/src/sysinit.o
 .debug_macro   0x00000b91       0x10 ./example/src/sysinit.o
 .debug_macro   0x00000ba1       0x10 ./example/src/sysinit.o
 .debug_macro   0x00000bb1      0x122 ./example/src/sysinit.o
 .debug_macro   0x00000cd3      0x5b9 ./example/src/sysinit.o
 .debug_macro   0x0000128c       0x22 ./example/src/sysinit.o
 .debug_macro   0x000012ae       0x7b ./example/src/sysinit.o
 .debug_macro   0x00001329       0x28 ./example/src/sysinit.o
 .debug_macro   0x00001351       0x3b ./example/src/sysinit.o
 .debug_macro   0x0000138c       0x2d ./example/src/sysinit.o
 .debug_macro   0x000013b9       0x42 ./example/src/sysinit.o
 .debug_macro   0x000013fb      0xd39 ./example/src/sysinit.o
 .debug_macro   0x00002134      0x2bc ./example/src/sysinit.o
 .debug_macro   0x000023f0      0x112 ./example/src/sysinit.o
 .debug_macro   0x00002502       0x11 ./example/src/sysinit.o
 .debug_macro   0x00002513       0x1e ./example/src/sysinit.o
 .debug_macro   0x00002531       0x16 ./example/src/sysinit.o
 .debug_macro   0x00002547      0x2e6 ./example/src/sysinit.o
 .debug_macro   0x0000282d       0x82 ./example/src/sysinit.o
 .debug_macro   0x000028af      0x13d ./example/src/sysinit.o
 .debug_macro   0x000029ec      0x198 ./example/src/sysinit.o
 .debug_macro   0x00002b84       0x34 ./example/src/sysinit.o
 .debug_macro   0x00002bb8       0x58 ./example/src/sysinit.o
 .debug_macro   0x00002c10      0x236 ./example/src/sysinit.o
 .debug_macro   0x00002e46      0x572 ./example/src/sysinit.o
 .debug_macro   0x000033b8       0x16 ./example/src/sysinit.o
 .debug_macro   0x000033ce      0x18a ./example/src/sysinit.o
 .debug_macro   0x00003558       0x88 ./example/src/sysinit.o
 .debug_macro   0x000035e0      0x1b9 ./example/src/sysinit.o
 .debug_macro   0x00003799      0x1da ./example/src/sysinit.o
 .debug_macro   0x00003973       0x40 ./example/src/sysinit.o
 .debug_macro   0x000039b3       0x1c ./example/src/sysinit.o
 .debug_macro   0x000039cf       0x2e ./example/src/sysinit.o
 .debug_macro   0x000039fd       0x2e ./example/src/sysinit.o
 .debug_macro   0x00003a2b       0x22 ./example/src/sysinit.o
 .debug_macro   0x00003a4d      0x201 ./example/src/sysinit.o
 .debug_macro   0x00003c4e       0xe0 ./example/src/sysinit.o
 .debug_macro   0x00003d2e      0x34c ./example/src/sysinit.o
 .debug_macro   0x0000407a       0xdc ./example/src/sysinit.o
 .debug_macro   0x00004156       0x94 ./example/src/sysinit.o
 .debug_macro   0x000041ea       0xb8 ./example/src/sysinit.o
 .debug_macro   0x000042a2       0x4c ./example/src/sysinit.o
 .debug_macro   0x000042ee       0x16 ./example/src/sysinit.o
 .debug_macro   0x00004304      0x328 ./example/src/sysinit.o
 .debug_macro   0x0000462c       0x3a ./example/src/sysinit.o
 .debug_macro   0x00004666       0xd0 ./example/src/sysinit.o
 .debug_macro   0x00004736       0x18 ./example/src/sysinit.o
 .debug_macro   0x0000474e       0x22 ./example/src/sysinit.o
 .debug_macro   0x00004770       0x40 ./example/src/sysinit.o
 .debug_macro   0x000047b0       0x5e ./example/src/sysinit.o
 .debug_macro   0x0000480e       0x9a ./example/src/sysinit.o
 .debug_macro   0x000048a8       0x20 ./example/src/sysinit.o
 .debug_macro   0x000048c8      0x316 ./example/src/systick.o
 .debug_macro   0x00004bde      0x329 C:\Users\emh203\Documents\GitHub\hc-1\SRC\LPC-LINK-2\COMMON\lpc_board_nxp_lpclink2_4370\Debug\liblpc_board_nxp_lpclink2_4370.a(board.o)
 .debug_macro   0x00004f07      0x868 C:\Users\emh203\Documents\GitHub\hc-1\SRC\LPC-LINK-2\COMMON\lpc_board_nxp_lpclink2_4370\Debug\liblpc_board_nxp_lpclink2_4370.a(board.o)
 .debug_macro   0x0000576f       0x12 C:\Users\emh203\Documents\GitHub\hc-1\SRC\LPC-LINK-2\COMMON\lpc_board_nxp_lpclink2_4370\Debug\liblpc_board_nxp_lpclink2_4370.a(board.o)
 .debug_macro   0x00005781      0x306 C:\Users\emh203\Documents\GitHub\hc-1\SRC\LPC-LINK-2\COMMON\lpc_board_nxp_lpclink2_4370\Debug\liblpc_board_nxp_lpclink2_4370.a(board_sysinit.o)
 .debug_macro   0x00005a87      0x2d0 C:\Users\emh203\Documents\GitHub\hc-1\SRC\LPC-LINK-2\COMMON\lpc_chip_43xx\Debug\liblpc_chip_43xx.a(chip_18xx_43xx.o)
 .debug_macro   0x00005d57      0x2d6 C:\Users\emh203\Documents\GitHub\hc-1\SRC\LPC-LINK-2\COMMON\lpc_chip_43xx\Debug\liblpc_chip_43xx.a(clock_18xx_43xx.o)
 .debug_macro   0x0000602d       0xc0 C:\Users\emh203\Documents\GitHub\hc-1\SRC\LPC-LINK-2\COMMON\lpc_chip_43xx\Debug\liblpc_chip_43xx.a(fpu_init.o)
 .debug_macro   0x000060ed      0x2d0 C:\Users\emh203\Documents\GitHub\hc-1\SRC\LPC-LINK-2\COMMON\lpc_chip_43xx\Debug\liblpc_chip_43xx.a(gpio_18xx_43xx.o)
 .debug_macro   0x000063bd      0x2d0 C:\Users\emh203\Documents\GitHub\hc-1\SRC\LPC-LINK-2\COMMON\lpc_chip_43xx\Debug\liblpc_chip_43xx.a(sysinit_18xx_43xx.o)
 .debug_macro   0x0000668d      0x2d0 C:\Users\emh203\Documents\GitHub\hc-1\SRC\LPC-LINK-2\COMMON\lpc_chip_43xx\Debug\liblpc_chip_43xx.a(uart_18xx_43xx.o)

.debug_line     0x00000000     0x432d
 .debug_line    0x00000000       0xdb ./example/src/cr_startup_lpc43xx.o
 .debug_line    0x000000db      0x65c ./example/src/sysinit.o
 .debug_line    0x00000737      0x696 ./example/src/systick.o
 .debug_line    0x00000dcd      0x83d C:\Users\emh203\Documents\GitHub\hc-1\SRC\LPC-LINK-2\COMMON\lpc_board_nxp_lpclink2_4370\Debug\liblpc_board_nxp_lpclink2_4370.a(board.o)
 .debug_line    0x0000160a      0x6c0 C:\Users\emh203\Documents\GitHub\hc-1\SRC\LPC-LINK-2\COMMON\lpc_board_nxp_lpclink2_4370\Debug\liblpc_board_nxp_lpclink2_4370.a(board_sysinit.o)
 .debug_line    0x00001cca      0x621 C:\Users\emh203\Documents\GitHub\hc-1\SRC\LPC-LINK-2\COMMON\lpc_chip_43xx\Debug\liblpc_chip_43xx.a(chip_18xx_43xx.o)
 .debug_line    0x000022eb      0x92c C:\Users\emh203\Documents\GitHub\hc-1\SRC\LPC-LINK-2\COMMON\lpc_chip_43xx\Debug\liblpc_chip_43xx.a(clock_18xx_43xx.o)
 .debug_line    0x00002c17      0x1ee C:\Users\emh203\Documents\GitHub\hc-1\SRC\LPC-LINK-2\COMMON\lpc_chip_43xx\Debug\liblpc_chip_43xx.a(fpu_init.o)
 .debug_line    0x00002e05      0x644 C:\Users\emh203\Documents\GitHub\hc-1\SRC\LPC-LINK-2\COMMON\lpc_chip_43xx\Debug\liblpc_chip_43xx.a(gpio_18xx_43xx.o)
 .debug_line    0x00003449      0x624 C:\Users\emh203\Documents\GitHub\hc-1\SRC\LPC-LINK-2\COMMON\lpc_chip_43xx\Debug\liblpc_chip_43xx.a(sysinit_18xx_43xx.o)
 .debug_line    0x00003a6d      0x8c0 C:\Users\emh203\Documents\GitHub\hc-1\SRC\LPC-LINK-2\COMMON\lpc_chip_43xx\Debug\liblpc_chip_43xx.a(uart_18xx_43xx.o)

.debug_str      0x00000000    0x17352
 .debug_str     0x00000000     0x2666 ./example/src/cr_startup_lpc43xx.o
                               0x2689 (size before relaxing)
 .debug_str     0x00002666    0x12aaa ./example/src/sysinit.o
                              0x15037 (size before relaxing)
 .debug_str     0x00015110      0x483 ./example/src/systick.o
                              0x154c1 (size before relaxing)
 .debug_str     0x00015593      0xed0 C:\Users\emh203\Documents\GitHub\hc-1\SRC\LPC-LINK-2\COMMON\lpc_board_nxp_lpclink2_4370\Debug\liblpc_board_nxp_lpclink2_4370.a(board.o)
                              0x15ebd (size before relaxing)
 .debug_str     0x00016463      0x30a C:\Users\emh203\Documents\GitHub\hc-1\SRC\LPC-LINK-2\COMMON\lpc_board_nxp_lpclink2_4370\Debug\liblpc_board_nxp_lpclink2_4370.a(board_sysinit.o)
                              0x15e02 (size before relaxing)
 .debug_str     0x0001676d      0x1a3 C:\Users\emh203\Documents\GitHub\hc-1\SRC\LPC-LINK-2\COMMON\lpc_chip_43xx\Debug\liblpc_chip_43xx.a(chip_18xx_43xx.o)
                              0x15a7f (size before relaxing)
 .debug_str     0x00016910      0x4b6 C:\Users\emh203\Documents\GitHub\hc-1\SRC\LPC-LINK-2\COMMON\lpc_chip_43xx\Debug\liblpc_chip_43xx.a(clock_18xx_43xx.o)
                              0x15e9d (size before relaxing)
 .debug_str     0x00016dc6       0xad C:\Users\emh203\Documents\GitHub\hc-1\SRC\LPC-LINK-2\COMMON\lpc_chip_43xx\Debug\liblpc_chip_43xx.a(fpu_init.o)
                               0x9849 (size before relaxing)
 .debug_str     0x00016e73       0xee C:\Users\emh203\Documents\GitHub\hc-1\SRC\LPC-LINK-2\COMMON\lpc_chip_43xx\Debug\liblpc_chip_43xx.a(gpio_18xx_43xx.o)
                              0x14d4c (size before relaxing)
 .debug_str     0x00016f61       0x6a C:\Users\emh203\Documents\GitHub\hc-1\SRC\LPC-LINK-2\COMMON\lpc_chip_43xx\Debug\liblpc_chip_43xx.a(sysinit_18xx_43xx.o)
                              0x15847 (size before relaxing)
 .debug_str     0x00016fcb      0x387 C:\Users\emh203\Documents\GitHub\hc-1\SRC\LPC-LINK-2\COMMON\lpc_chip_43xx\Debug\liblpc_chip_43xx.a(uart_18xx_43xx.o)
                              0x15af3 (size before relaxing)

.comment        0x00000000       0x70
 .comment       0x00000000       0x70 ./example/src/cr_startup_lpc43xx.o
                                 0x71 (size before relaxing)
 .comment       0x00000000       0x71 ./example/src/sysinit.o
 .comment       0x00000000       0x71 ./example/src/systick.o
 .comment       0x00000000       0x71 C:\Users\emh203\Documents\GitHub\hc-1\SRC\LPC-LINK-2\COMMON\lpc_board_nxp_lpclink2_4370\Debug\liblpc_board_nxp_lpclink2_4370.a(board.o)
 .comment       0x00000000       0x71 C:\Users\emh203\Documents\GitHub\hc-1\SRC\LPC-LINK-2\COMMON\lpc_board_nxp_lpclink2_4370\Debug\liblpc_board_nxp_lpclink2_4370.a(board_sysinit.o)
 .comment       0x00000000       0x71 C:\Users\emh203\Documents\GitHub\hc-1\SRC\LPC-LINK-2\COMMON\lpc_chip_43xx\Debug\liblpc_chip_43xx.a(chip_18xx_43xx.o)
 .comment       0x00000000       0x71 C:\Users\emh203\Documents\GitHub\hc-1\SRC\LPC-LINK-2\COMMON\lpc_chip_43xx\Debug\liblpc_chip_43xx.a(clock_18xx_43xx.o)
 .comment       0x00000000       0x71 C:\Users\emh203\Documents\GitHub\hc-1\SRC\LPC-LINK-2\COMMON\lpc_chip_43xx\Debug\liblpc_chip_43xx.a(fpu_init.o)
 .comment       0x00000000       0x71 C:\Users\emh203\Documents\GitHub\hc-1\SRC\LPC-LINK-2\COMMON\lpc_chip_43xx\Debug\liblpc_chip_43xx.a(gpio_18xx_43xx.o)
 .comment       0x00000000       0x71 C:\Users\emh203\Documents\GitHub\hc-1\SRC\LPC-LINK-2\COMMON\lpc_chip_43xx\Debug\liblpc_chip_43xx.a(sysinit_18xx_43xx.o)
 .comment       0x00000000       0x71 C:\Users\emh203\Documents\GitHub\hc-1\SRC\LPC-LINK-2\COMMON\lpc_chip_43xx\Debug\liblpc_chip_43xx.a(uart_18xx_43xx.o)
 .comment       0x00000000       0x71 c:/nxp/lpcxpresso_7.2.0_153/lpcxpresso/tools/bin/../lib/gcc/arm-none-eabi/4.8.3/../../../../arm-none-eabi/lib/armv7e-m/softfp\libcr_nohost.a(_cr__main.o)
 .comment       0x00000000       0x71 c:/nxp/lpcxpresso_7.2.0_153/lpcxpresso/tools/bin/../lib/gcc/arm-none-eabi/4.8.3/../../../../arm-none-eabi/lib/armv7e-m/softfp\libcr_c.a(initio.o)
 .comment       0x00000000       0x71 c:/nxp/lpcxpresso_7.2.0_153/lpcxpresso/tools/bin/../lib/gcc/arm-none-eabi/4.8.3/../../../../arm-none-eabi/lib/armv7e-m/softfp\libcr_c.a(setvbuf.o)
 .comment       0x00000000       0x71 c:/nxp/lpcxpresso_7.2.0_153/lpcxpresso/tools/bin/../lib/gcc/arm-none-eabi/4.8.3/../../../../arm-none-eabi/lib/armv7e-m/softfp\libcr_c.a(stdio.o)
 .comment       0x00000000       0x71 c:/nxp/lpcxpresso_7.2.0_153/lpcxpresso/tools/bin/../lib/gcc/arm-none-eabi/4.8.3/../../../../arm-none-eabi/lib/armv7e-m/softfp\libcr_c.a(memset.o)
 .comment       0x00000000       0x71 c:/nxp/lpcxpresso_7.2.0_153/lpcxpresso/tools/bin/../lib/gcc/arm-none-eabi/4.8.3/../../../../arm-none-eabi/lib/armv7e-m/softfp\libcr_c.a(_deferredlazyseek.o)
 .comment       0x00000000       0x71 c:/nxp/lpcxpresso_7.2.0_153/lpcxpresso/tools/bin/../lib/gcc/arm-none-eabi/4.8.3/../../../../arm-none-eabi/lib/armv7e-m/softfp\libcr_c.a(_fdopen.o)
 .comment       0x00000000       0x71 c:/nxp/lpcxpresso_7.2.0_153/lpcxpresso/tools/bin/../lib/gcc/arm-none-eabi/4.8.3/../../../../arm-none-eabi/lib/armv7e-m/softfp\libcr_c.a(_fflush.o)
 .comment       0x00000000       0x71 c:/nxp/lpcxpresso_7.2.0_153/lpcxpresso/tools/bin/../lib/gcc/arm-none-eabi/4.8.3/../../../../arm-none-eabi/lib/armv7e-m/softfp\libcr_c.a(_writebuf.o)
 .comment       0x00000000       0x71 c:/nxp/lpcxpresso_7.2.0_153/lpcxpresso/tools/bin/../lib/gcc/arm-none-eabi/4.8.3/../../../../arm-none-eabi/lib/armv7e-m/softfp\libcr_c.a(alloc.o)
 .comment       0x00000000       0x71 c:/nxp/lpcxpresso_7.2.0_153/lpcxpresso/tools/bin/../lib/gcc/arm-none-eabi/4.8.3/../../../../arm-none-eabi/lib/armv7e-m/softfp\libcr_c.a(fclose.o)
 .comment       0x00000000       0x71 c:/nxp/lpcxpresso_7.2.0_153/lpcxpresso/tools/bin/../lib/gcc/arm-none-eabi/4.8.3/../../../../arm-none-eabi/lib/armv7e-m/softfp\libcr_c.a(fflush.o)
 .comment       0x00000000       0x71 c:/nxp/lpcxpresso_7.2.0_153/lpcxpresso/tools/bin/../lib/gcc/arm-none-eabi/4.8.3/../../../../arm-none-eabi/lib/armv7e-m/softfp\libcr_c.a(fseek.o)
 .comment       0x00000000       0x71 c:/nxp/lpcxpresso_7.2.0_153/lpcxpresso/tools/bin/../lib/gcc/arm-none-eabi/4.8.3/../../../../arm-none-eabi/lib/armv7e-m/softfp\libcr_c.a(ftell.o)
 .comment       0x00000000       0x71 c:/nxp/lpcxpresso_7.2.0_153/lpcxpresso/tools/bin/../lib/gcc/arm-none-eabi/4.8.3/../../../../arm-none-eabi/lib/armv7e-m/softfp\libcr_c.a(remove.o)
 .comment       0x00000000       0x71 c:/nxp/lpcxpresso_7.2.0_153/lpcxpresso/tools/bin/../lib/gcc/arm-none-eabi/4.8.3/../../../../arm-none-eabi/lib/armv7e-m/softfp\libcr_c.a(strlen.o)
 .comment       0x00000000       0x71 c:/nxp/lpcxpresso_7.2.0_153/lpcxpresso/tools/bin/../lib/gcc/arm-none-eabi/4.8.3/../../../../arm-none-eabi/lib/armv7e-m/softfp\libcr_c.a(__init_alloc.o)
 .comment       0x00000000       0x71 c:/nxp/lpcxpresso_7.2.0_153/lpcxpresso/tools/bin/../lib/gcc/arm-none-eabi/4.8.3/../../../../arm-none-eabi/lib/armv7e-m/softfp\libcr_c.a(_cr_sbrk.o)
 .comment       0x00000000       0x71 c:/nxp/lpcxpresso_7.2.0_153/lpcxpresso/tools/bin/../lib/gcc/arm-none-eabi/4.8.3/../../../../arm-none-eabi/lib/armv7e-m/softfp\libcr_c.a(_do_fflush.o)
 .comment       0x00000000       0x71 c:/nxp/lpcxpresso_7.2.0_153/lpcxpresso/tools/bin/../lib/gcc/arm-none-eabi/4.8.3/../../../../arm-none-eabi/lib/armv7e-m/softfp\libcr_c.a(errno.o)
 .comment       0x00000000       0x71 c:/nxp/lpcxpresso_7.2.0_153/lpcxpresso/tools/bin/../lib/gcc/arm-none-eabi/4.8.3/../../../../arm-none-eabi/lib/armv7e-m/softfp\libcr_c.a(_cr_check_heap.o)
 .comment       0x00000000       0x71 c:/nxp/lpcxpresso_7.2.0_153/lpcxpresso/tools/bin/../lib/gcc/arm-none-eabi/4.8.3/../../../../arm-none-eabi/lib/armv7e-m/softfp\libcr_nohost.a(__sys_appexit.o)
 .comment       0x00000000       0x71 c:/nxp/lpcxpresso_7.2.0_153/lpcxpresso/tools/bin/../lib/gcc/arm-none-eabi/4.8.3/../../../../arm-none-eabi/lib/armv7e-m/softfp\libcr_nohost.a(__sys_close.o)
 .comment       0x00000000       0x71 c:/nxp/lpcxpresso_7.2.0_153/lpcxpresso/tools/bin/../lib/gcc/arm-none-eabi/4.8.3/../../../../arm-none-eabi/lib/armv7e-m/softfp\libcr_nohost.a(__sys_flen.o)
 .comment       0x00000000       0x71 c:/nxp/lpcxpresso_7.2.0_153/lpcxpresso/tools/bin/../lib/gcc/arm-none-eabi/4.8.3/../../../../arm-none-eabi/lib/armv7e-m/softfp\libcr_nohost.a(__sys_istty.o)
 .comment       0x00000000       0x71 c:/nxp/lpcxpresso_7.2.0_153/lpcxpresso/tools/bin/../lib/gcc/arm-none-eabi/4.8.3/../../../../arm-none-eabi/lib/armv7e-m/softfp\libcr_nohost.a(__sys_remove.o)
 .comment       0x00000000       0x71 c:/nxp/lpcxpresso_7.2.0_153/lpcxpresso/tools/bin/../lib/gcc/arm-none-eabi/4.8.3/../../../../arm-none-eabi/lib/armv7e-m/softfp\libcr_nohost.a(__sys_seek.o)
 .comment       0x00000000       0x71 c:/nxp/lpcxpresso_7.2.0_153/lpcxpresso/tools/bin/../lib/gcc/arm-none-eabi/4.8.3/../../../../arm-none-eabi/lib/armv7e-m/softfp\libcr_nohost.a(__sys_tmpnam.o)

.ARM.attributes
                0x00000000       0x35
 .ARM.attributes
                0x00000000       0x37 ./example/src/cr_startup_lpc43xx.o
 .ARM.attributes
                0x00000037       0x37 ./example/src/sysinit.o
 .ARM.attributes
                0x0000006e       0x37 ./example/src/systick.o
 .ARM.attributes
                0x000000a5       0x37 C:\Users\emh203\Documents\GitHub\hc-1\SRC\LPC-LINK-2\COMMON\lpc_board_nxp_lpclink2_4370\Debug\liblpc_board_nxp_lpclink2_4370.a(board.o)
 .ARM.attributes
                0x000000dc       0x37 C:\Users\emh203\Documents\GitHub\hc-1\SRC\LPC-LINK-2\COMMON\lpc_board_nxp_lpclink2_4370\Debug\liblpc_board_nxp_lpclink2_4370.a(board_sysinit.o)
 .ARM.attributes
                0x00000113       0x37 C:\Users\emh203\Documents\GitHub\hc-1\SRC\LPC-LINK-2\COMMON\lpc_chip_43xx\Debug\liblpc_chip_43xx.a(chip_18xx_43xx.o)
 .ARM.attributes
                0x0000014a       0x37 C:\Users\emh203\Documents\GitHub\hc-1\SRC\LPC-LINK-2\COMMON\lpc_chip_43xx\Debug\liblpc_chip_43xx.a(clock_18xx_43xx.o)
 .ARM.attributes
                0x00000181       0x37 C:\Users\emh203\Documents\GitHub\hc-1\SRC\LPC-LINK-2\COMMON\lpc_chip_43xx\Debug\liblpc_chip_43xx.a(fpu_init.o)
 .ARM.attributes
                0x000001b8       0x37 C:\Users\emh203\Documents\GitHub\hc-1\SRC\LPC-LINK-2\COMMON\lpc_chip_43xx\Debug\liblpc_chip_43xx.a(gpio_18xx_43xx.o)
 .ARM.attributes
                0x000001ef       0x37 C:\Users\emh203\Documents\GitHub\hc-1\SRC\LPC-LINK-2\COMMON\lpc_chip_43xx\Debug\liblpc_chip_43xx.a(sysinit_18xx_43xx.o)
 .ARM.attributes
                0x00000226       0x37 C:\Users\emh203\Documents\GitHub\hc-1\SRC\LPC-LINK-2\COMMON\lpc_chip_43xx\Debug\liblpc_chip_43xx.a(uart_18xx_43xx.o)
 .ARM.attributes
                0x0000025d       0x37 c:/nxp/lpcxpresso_7.2.0_153/lpcxpresso/tools/bin/../lib/gcc/arm-none-eabi/4.8.3/../../../../arm-none-eabi/lib/armv7e-m/softfp\libcr_nohost.a(_cr__main.o)
 .ARM.attributes
                0x00000294       0x37 c:/nxp/lpcxpresso_7.2.0_153/lpcxpresso/tools/bin/../lib/gcc/arm-none-eabi/4.8.3/../../../../arm-none-eabi/lib/armv7e-m/softfp\libcr_c.a(initio.o)
 .ARM.attributes
                0x000002cb       0x37 c:/nxp/lpcxpresso_7.2.0_153/lpcxpresso/tools/bin/../lib/gcc/arm-none-eabi/4.8.3/../../../../arm-none-eabi/lib/armv7e-m/softfp\libcr_c.a(setvbuf.o)
 .ARM.attributes
                0x00000302       0x37 c:/nxp/lpcxpresso_7.2.0_153/lpcxpresso/tools/bin/../lib/gcc/arm-none-eabi/4.8.3/../../../../arm-none-eabi/lib/armv7e-m/softfp\libcr_c.a(stdio.o)
 .ARM.attributes
                0x00000339       0x37 c:/nxp/lpcxpresso_7.2.0_153/lpcxpresso/tools/bin/../lib/gcc/arm-none-eabi/4.8.3/../../../../arm-none-eabi/lib/armv7e-m/softfp\libcr_c.a(memset.o)
 .ARM.attributes
                0x00000370       0x37 c:/nxp/lpcxpresso_7.2.0_153/lpcxpresso/tools/bin/../lib/gcc/arm-none-eabi/4.8.3/../../../../arm-none-eabi/lib/armv7e-m/softfp\libcr_c.a(_deferredlazyseek.o)
 .ARM.attributes
                0x000003a7       0x37 c:/nxp/lpcxpresso_7.2.0_153/lpcxpresso/tools/bin/../lib/gcc/arm-none-eabi/4.8.3/../../../../arm-none-eabi/lib/armv7e-m/softfp\libcr_c.a(_fdopen.o)
 .ARM.attributes
                0x000003de       0x37 c:/nxp/lpcxpresso_7.2.0_153/lpcxpresso/tools/bin/../lib/gcc/arm-none-eabi/4.8.3/../../../../arm-none-eabi/lib/armv7e-m/softfp\libcr_c.a(_fflush.o)
 .ARM.attributes
                0x00000415       0x37 c:/nxp/lpcxpresso_7.2.0_153/lpcxpresso/tools/bin/../lib/gcc/arm-none-eabi/4.8.3/../../../../arm-none-eabi/lib/armv7e-m/softfp\libcr_c.a(_writebuf.o)
 .ARM.attributes
                0x0000044c       0x37 c:/nxp/lpcxpresso_7.2.0_153/lpcxpresso/tools/bin/../lib/gcc/arm-none-eabi/4.8.3/../../../../arm-none-eabi/lib/armv7e-m/softfp\libcr_c.a(alloc.o)
 .ARM.attributes
                0x00000483       0x37 c:/nxp/lpcxpresso_7.2.0_153/lpcxpresso/tools/bin/../lib/gcc/arm-none-eabi/4.8.3/../../../../arm-none-eabi/lib/armv7e-m/softfp\libcr_c.a(fclose.o)
 .ARM.attributes
                0x000004ba       0x37 c:/nxp/lpcxpresso_7.2.0_153/lpcxpresso/tools/bin/../lib/gcc/arm-none-eabi/4.8.3/../../../../arm-none-eabi/lib/armv7e-m/softfp\libcr_c.a(fflush.o)
 .ARM.attributes
                0x000004f1       0x37 c:/nxp/lpcxpresso_7.2.0_153/lpcxpresso/tools/bin/../lib/gcc/arm-none-eabi/4.8.3/../../../../arm-none-eabi/lib/armv7e-m/softfp\libcr_c.a(fseek.o)
 .ARM.attributes
                0x00000528       0x37 c:/nxp/lpcxpresso_7.2.0_153/lpcxpresso/tools/bin/../lib/gcc/arm-none-eabi/4.8.3/../../../../arm-none-eabi/lib/armv7e-m/softfp\libcr_c.a(ftell.o)
 .ARM.attributes
                0x0000055f       0x37 c:/nxp/lpcxpresso_7.2.0_153/lpcxpresso/tools/bin/../lib/gcc/arm-none-eabi/4.8.3/../../../../arm-none-eabi/lib/armv7e-m/softfp\libcr_c.a(remove.o)
 .ARM.attributes
                0x00000596       0x37 c:/nxp/lpcxpresso_7.2.0_153/lpcxpresso/tools/bin/../lib/gcc/arm-none-eabi/4.8.3/../../../../arm-none-eabi/lib/armv7e-m/softfp\libcr_c.a(strlen.o)
 .ARM.attributes
                0x000005cd       0x37 c:/nxp/lpcxpresso_7.2.0_153/lpcxpresso/tools/bin/../lib/gcc/arm-none-eabi/4.8.3/../../../../arm-none-eabi/lib/armv7e-m/softfp\libcr_c.a(__init_alloc.o)
 .ARM.attributes
                0x00000604       0x37 c:/nxp/lpcxpresso_7.2.0_153/lpcxpresso/tools/bin/../lib/gcc/arm-none-eabi/4.8.3/../../../../arm-none-eabi/lib/armv7e-m/softfp\libcr_c.a(_cr_sbrk.o)
 .ARM.attributes
                0x0000063b       0x37 c:/nxp/lpcxpresso_7.2.0_153/lpcxpresso/tools/bin/../lib/gcc/arm-none-eabi/4.8.3/../../../../arm-none-eabi/lib/armv7e-m/softfp\libcr_c.a(_do_fflush.o)
 .ARM.attributes
                0x00000672       0x37 c:/nxp/lpcxpresso_7.2.0_153/lpcxpresso/tools/bin/../lib/gcc/arm-none-eabi/4.8.3/../../../../arm-none-eabi/lib/armv7e-m/softfp\libcr_c.a(errno.o)
 .ARM.attributes
                0x000006a9       0x37 c:/nxp/lpcxpresso_7.2.0_153/lpcxpresso/tools/bin/../lib/gcc/arm-none-eabi/4.8.3/../../../../arm-none-eabi/lib/armv7e-m/softfp\libcr_c.a(_cr_check_heap.o)
 .ARM.attributes
                0x000006e0       0x25 c:/nxp/lpcxpresso_7.2.0_153/lpcxpresso/tools/bin/../lib/gcc/arm-none-eabi/4.8.3/armv7e-m/softfp\libcr_eabihelpers.a(memcpy.o)
 .ARM.attributes
                0x00000705       0x37 c:/nxp/lpcxpresso_7.2.0_153/lpcxpresso/tools/bin/../lib/gcc/arm-none-eabi/4.8.3/../../../../arm-none-eabi/lib/armv7e-m/softfp\libcr_nohost.a(__sys_appexit.o)
 .ARM.attributes
                0x0000073c       0x37 c:/nxp/lpcxpresso_7.2.0_153/lpcxpresso/tools/bin/../lib/gcc/arm-none-eabi/4.8.3/../../../../arm-none-eabi/lib/armv7e-m/softfp\libcr_nohost.a(__sys_close.o)
 .ARM.attributes
                0x00000773       0x37 c:/nxp/lpcxpresso_7.2.0_153/lpcxpresso/tools/bin/../lib/gcc/arm-none-eabi/4.8.3/../../../../arm-none-eabi/lib/armv7e-m/softfp\libcr_nohost.a(__sys_flen.o)
 .ARM.attributes
                0x000007aa       0x37 c:/nxp/lpcxpresso_7.2.0_153/lpcxpresso/tools/bin/../lib/gcc/arm-none-eabi/4.8.3/../../../../arm-none-eabi/lib/armv7e-m/softfp\libcr_nohost.a(__sys_istty.o)
 .ARM.attributes
                0x000007e1       0x37 c:/nxp/lpcxpresso_7.2.0_153/lpcxpresso/tools/bin/../lib/gcc/arm-none-eabi/4.8.3/../../../../arm-none-eabi/lib/armv7e-m/softfp\libcr_nohost.a(__sys_remove.o)
 .ARM.attributes
                0x00000818       0x37 c:/nxp/lpcxpresso_7.2.0_153/lpcxpresso/tools/bin/../lib/gcc/arm-none-eabi/4.8.3/../../../../arm-none-eabi/lib/armv7e-m/softfp\libcr_nohost.a(__sys_seek.o)
 .ARM.attributes
                0x0000084f       0x37 c:/nxp/lpcxpresso_7.2.0_153/lpcxpresso/tools/bin/../lib/gcc/arm-none-eabi/4.8.3/../../../../arm-none-eabi/lib/armv7e-m/softfp\libcr_nohost.a(__sys_tmpnam.o)

.debug_frame    0x00000000      0x958
 .debug_frame   0x00000000       0xf4 ./example/src/cr_startup_lpc43xx.o
 .debug_frame   0x000000f4       0x28 ./example/src/sysinit.o
 .debug_frame   0x0000011c       0x40 ./example/src/systick.o
 .debug_frame   0x0000015c      0x184 C:\Users\emh203\Documents\GitHub\hc-1\SRC\LPC-LINK-2\COMMON\lpc_board_nxp_lpclink2_4370\Debug\liblpc_board_nxp_lpclink2_4370.a(board.o)
 .debug_frame   0x000002e0       0x60 C:\Users\emh203\Documents\GitHub\hc-1\SRC\LPC-LINK-2\COMMON\lpc_board_nxp_lpclink2_4370\Debug\liblpc_board_nxp_lpclink2_4370.a(board_sysinit.o)
 .debug_frame   0x00000340       0x70 C:\Users\emh203\Documents\GitHub\hc-1\SRC\LPC-LINK-2\COMMON\lpc_chip_43xx\Debug\liblpc_chip_43xx.a(chip_18xx_43xx.o)
 .debug_frame   0x000003b0      0x2c0 C:\Users\emh203\Documents\GitHub\hc-1\SRC\LPC-LINK-2\COMMON\lpc_chip_43xx\Debug\liblpc_chip_43xx.a(clock_18xx_43xx.o)
 .debug_frame   0x00000670       0x24 C:\Users\emh203\Documents\GitHub\hc-1\SRC\LPC-LINK-2\COMMON\lpc_chip_43xx\Debug\liblpc_chip_43xx.a(fpu_init.o)
 .debug_frame   0x00000694       0x80 C:\Users\emh203\Documents\GitHub\hc-1\SRC\LPC-LINK-2\COMMON\lpc_chip_43xx\Debug\liblpc_chip_43xx.a(gpio_18xx_43xx.o)
 .debug_frame   0x00000714       0x74 C:\Users\emh203\Documents\GitHub\hc-1\SRC\LPC-LINK-2\COMMON\lpc_chip_43xx\Debug\liblpc_chip_43xx.a(sysinit_18xx_43xx.o)
 .debug_frame   0x00000788      0x1d0 C:\Users\emh203\Documents\GitHub\hc-1\SRC\LPC-LINK-2\COMMON\lpc_chip_43xx\Debug\liblpc_chip_43xx.a(uart_18xx_43xx.o)
